======================================================================
 crossskill elaboration census — 1266 queries (351 records)
======================================================================

[*] ELABORATES OK: 1008/1266
[*] COMPILE ERRORS (attempted, failed): 51
[*] UNSUPPORTED (not attempted — RECURSIVE/LATERAL/FLATTEN): 207
    ( 1008 + 51 + 207 = 1266 )

[*] Failure categories (root cause, most common first):
      26x  parse: AS-clause alias/expression
      18x  parse: WITH / CTE
       4x  elaboration timeout (heartbeats)
       3x  parse: SELECT body
     204x  unsupported: LATERAL (not attempted)
       3x  unsupported: WITH RECURSIVE (not attempted)

======================================================================
 FAILURES BY CATEGORY (attempted)
======================================================================

### [26x]  parse: AS-clause alias/expression

[compile_fail] sf035 variant[0]
    SQL:       SELECT "APP_GROUP_ID", CAST(TO_TIMESTAMP("TIME") AS DATE) AS "SESSION_START_DAY", COUNT(DISTINCT "USER_ID") AS "COUNT_DISTINCT_USERS" FROM "BRAZE_USER_EVENT_DEMO_DATASET"."PUBLIC"."USERS_BEHAVIORS_APP_SESSIONSTART_VIEW" 
    CONVERTED: SELECT «APP_GROUP_ID», CAST(TO_TIMESTAMP(«TIME») AS DATE) AS «SESSION_START_DAY», COUNT(DISTINCT «USER_ID») AS «COUNT_DISTINCT_USERS» FROM «BRAZE_USER_EVENT_DEMO_DATASET».«PUBLIC».«USERS_BEHAVIORS_APP_SESSIONSTART_VIEW» 
    ERROR:     Failed to parse type in AS clause: users_behaviors_app_firstsession_view.app_group_id
[compile_fail] sf035 variant[1]
    SQL:       SELECT "APP_GROUP_ID", CAST(TO_TIMESTAMP("TIME") AS DATE) AS SESSION_START_DAY, COUNT(DISTINCT "USER_ID") AS COUNT_DISTINCT_USERS FROM "BRAZE_USER_EVENT_DEMO_DATASET"."PUBLIC"."USERS_BEHAVIORS_APP_SESSIONSTART_VIEW" WHER
    CONVERTED: SELECT «APP_GROUP_ID», CAST(TO_TIMESTAMP(«TIME») AS DATE) AS SESSION_START_DAY, COUNT(DISTINCT «USER_ID») AS COUNT_DISTINCT_USERS FROM «BRAZE_USER_EVENT_DEMO_DATASET».«PUBLIC».«USERS_BEHAVIORS_APP_SESSIONSTART_VIEW» WHER
    ERROR:     Failed to parse type in AS clause: users_behaviors_app_firstsession_view.app_group_id
[compile_fail] sf035 variant[2]
    SQL:       SELECT "APP_GROUP_ID" AS "APP_GROUP_ID", CAST(TO_TIMESTAMP("TIME") AS DATE) AS "SESSION_START_DAY", COUNT(DISTINCT "USER_ID") AS "COUNT_DISTINCT_USERS" FROM "BRAZE_USER_EVENT_DEMO_DATASET"."PUBLIC"."USERS_BEHAVIORS_APP_S
    CONVERTED: SELECT «APP_GROUP_ID» AS «APP_GROUP_ID», CAST(TO_TIMESTAMP(«TIME») AS DATE) AS «SESSION_START_DAY», COUNT(DISTINCT «USER_ID») AS «COUNT_DISTINCT_USERS» FROM «BRAZE_USER_EVENT_DEMO_DATASET».«PUBLIC».«USERS_BEHAVIORS_APP_S
    ERROR:     Failed to parse type in AS clause: users_behaviors_app_firstsession_view.app_group_id
[compile_fail] sf_bq001 variant[0]
    SQL:       WITH all_sessions AS (SELECT "fullVisitorId", "date", "visitStartTime", JSON_EXTRACT_PATH("totals", 'transactions') AS transactions, CAST(JSON_EXTRACT_PATH("device", 'deviceCategory') AS TEXT) AS deviceCategory FROM "GA3
    CONVERTED: WITH all_sessions AS (SELECT «fullVisitorId», «date», «visitStartTime», JSON_EXTRACT_PATH(«totals», "transactions") AS transactions, CAST(JSON_EXTRACT_PATH(«device», "deviceCategory") AS TEXT) AS deviceCategory FROM «GA3
    ERROR:     Failed to parse type in AS clause: ga_sessions_20160801.fullvisitorid
[compile_fail] sf_bq001 variant[1]
    SQL:       WITH all_sessions AS (SELECT "fullVisitorId", "date", "visitStartTime", "totals", "device" FROM "GA360"."GOOGLE_ANALYTICS_SAMPLE"."GA_SESSIONS_20170201" UNION ALL SELECT "fullVisitorId", "date", "visitStartTime", "totals
    CONVERTED: WITH all_sessions AS (SELECT «fullVisitorId», «date», «visitStartTime», «totals», «device» FROM «GA360».«GOOGLE_ANALYTICS_SAMPLE».«GA_SESSIONS_20170201» UNION ALL SELECT «fullVisitorId», «date», «visitStartTime», «totals
    ERROR:     Failed to parse type in AS clause: ga_sessions_20160801.fullvisitorid
[compile_fail] sf_bq001 variant[3]
    SQL:       WITH feb_data AS (SELECT "fullVisitorId", "date", "totals", "device" FROM "GA360"."GOOGLE_ANALYTICS_SAMPLE"."GA_SESSIONS_20170201" UNION ALL SELECT "fullVisitorId", "date", "totals", "device" FROM "GA360"."GOOGLE_ANALYTI
    CONVERTED: WITH feb_data AS (SELECT «fullVisitorId», «date», «totals», «device» FROM «GA360».«GOOGLE_ANALYTICS_SAMPLE».«GA_SESSIONS_20170201» UNION ALL SELECT «fullVisitorId», «date», «totals», «device» FROM «GA360».«GOOGLE_ANALYTI
    ERROR:     Failed to parse type in AS clause: ga_sessions_20160801.fullvisitorid
[compile_fail] sf_bq005 variant[1]
    SQL:       WITH numbered AS (SELECT "number", "timestamp", CAST(TO_TIMESTAMP(CAST("timestamp" AS DOUBLE PRECISION) / 1000000) AS DATE) AS block_date, ROW_NUMBER() OVER (ORDER BY "number") AS rn FROM "CRYPTO"."CRYPTO_BITCOIN"."BLOCK
    CONVERTED: WITH numbered AS (SELECT «number», «timestamp», CAST(TO_TIMESTAMP(CAST(«timestamp» AS DOUBLE PRECISION) / 1000000) AS DATE) AS block_date, ROW_NUMBER() OVER (ORDER BY «number») AS rn FROM «CRYPTO».«CRYPTO_BITCOIN».«BLOCK
    ERROR:     Failed to parse type in AS clause: tx_blocks.number
[compile_fail] sf_bq005 variant[2]
    SQL:       WITH numbered_blocks AS (SELECT "number", "timestamp", ROW_NUMBER() OVER (ORDER BY "number") AS rn FROM "CRYPTO"."CRYPTO_BITCOIN"."BLOCKS" WHERE "number" > 0), block_intervals AS (SELECT b2."number", b2."timestamp", CAST
    CONVERTED: WITH numbered_blocks AS (SELECT «number», «timestamp», ROW_NUMBER() OVER (ORDER BY «number») AS rn FROM «CRYPTO».«CRYPTO_BITCOIN».«BLOCKS» WHERE «number» > 0), block_intervals AS (SELECT b2.«number», b2.«timestamp», CAST
    ERROR:     Failed to parse type in AS clause: tx_blocks.number
[compile_fail] sf_bq005 variant[3]
    SQL:       WITH numbered_blocks AS (SELECT "number", "timestamp", ROW_NUMBER() OVER (ORDER BY "number") AS rn FROM "CRYPTO"."CRYPTO_BITCOIN"."BLOCKS" WHERE "number" > 0), block_intervals AS (SELECT CAST(TO_TIMESTAMP(CAST(b."timesta
    CONVERTED: WITH numbered_blocks AS (SELECT «number», «timestamp», ROW_NUMBER() OVER (ORDER BY «number») AS rn FROM «CRYPTO».«CRYPTO_BITCOIN».«BLOCKS» WHERE «number» > 0), block_intervals AS (SELECT CAST(TO_TIMESTAMP(CAST(b.«timesta
    ERROR:     Failed to parse type in AS clause: tx_blocks.number
[compile_fail] sf_bq006 variant[0]
    SQL:       WITH daily_counts AS (SELECT "date", COUNT(*) AS cnt FROM "AUSTIN"."AUSTIN_INCIDENTS"."INCIDENTS_2016" WHERE "descript" = 'PUBLIC INTOXICATION' GROUP BY "date"), stats AS (SELECT AVG(cnt) AS mean_cnt, STDDEV_POP(cnt) AS 
    CONVERTED: WITH daily_counts AS (SELECT «date», COUNT(*) AS cnt FROM «AUSTIN».«AUSTIN_INCIDENTS».«INCIDENTS_2016» WHERE «descript» = "PUBLIC INTOXICATION" GROUP BY «date»), stats AS (SELECT AVG(cnt) AS mean_cnt, STDDEV_POP(cnt) AS 
    ERROR:     Failed to parse type in AS clause: incidents_2010.date
[compile_fail] sf_bq006 variant[1]
    SQL:       WITH daily_counts AS (SELECT "date" AS dt, COUNT(*) AS cnt FROM "AUSTIN"."AUSTIN_INCIDENTS"."INCIDENTS_2016" WHERE "descript" = 'PUBLIC INTOXICATION' GROUP BY "date"), stats AS (SELECT AVG(cnt) AS mean_val, STDDEV_POP(cn
    CONVERTED: WITH daily_counts AS (SELECT «date» AS dt, COUNT(*) AS cnt FROM «AUSTIN».«AUSTIN_INCIDENTS».«INCIDENTS_2016» WHERE «descript» = "PUBLIC INTOXICATION" GROUP BY «date»), stats AS (SELECT AVG(cnt) AS mean_val, STDDEV_POP(cn
    ERROR:     Failed to parse type in AS clause: incidents_2010.date
[compile_fail] sf_bq006 variant[2]
    SQL:       WITH daily_counts AS (SELECT CAST("date" AS DATE) AS "date", COUNT(*) AS daily_count FROM "AUSTIN"."AUSTIN_INCIDENTS"."INCIDENTS_2016" WHERE "descript" = 'PUBLIC INTOXICATION' GROUP BY CAST("date" AS DATE)), stats AS (SE
    CONVERTED: WITH daily_counts AS (SELECT CAST(«date» AS DATE) AS «date», COUNT(*) AS daily_count FROM «AUSTIN».«AUSTIN_INCIDENTS».«INCIDENTS_2016» WHERE «descript» = "PUBLIC INTOXICATION" GROUP BY CAST(«date» AS DATE)), stats AS (SE
    ERROR:     Failed to parse type in AS clause: CAST(incidents_2010.date AS DATE)
[compile_fail] sf_bq006 variant[3]
    SQL:       WITH daily_counts AS (SELECT "date", COUNT(*) AS incident_count FROM "AUSTIN"."AUSTIN_INCIDENTS"."INCIDENTS_2016" WHERE "descript" = 'PUBLIC INTOXICATION' GROUP BY "date"), stats AS (SELECT AVG(incident_count) AS mean_co
    CONVERTED: WITH daily_counts AS (SELECT «date», COUNT(*) AS incident_count FROM «AUSTIN».«AUSTIN_INCIDENTS».«INCIDENTS_2016» WHERE «descript» = "PUBLIC INTOXICATION" GROUP BY «date»), stats AS (SELECT AVG(incident_count) AS mean_co
    ERROR:     Failed to parse type in AS clause: incidents_2010.date
[compile_fail] sf_bq014 variant[0]
    SQL:       WITH first_valid_orders AS (SELECT "user_id", "order_id" FROM (SELECT DISTINCT "user_id", "order_id", "created_at", ROW_NUMBER() OVER (PARTITION BY "user_id" ORDER BY "created_at" ASC) AS rn FROM "THELOOK_ECOMMERCE"."THE
    CONVERTED: WITH first_valid_orders AS (SELECT «user_id», «order_id» FROM (SELECT DISTINCT «user_id», «order_id», «created_at», ROW_NUMBER() OVER (PARTITION BY «user_id» ORDER BY «created_at» ASC) AS rn FROM «THELOOK_ECOMMERCE».«THE
    ERROR:     Failed to parse type in AS clause: fvo.user_id
[compile_fail] sf_bq016 variant[1]
    SQL:       /* For each NPM package, find the highest release version (max Ordinal where IsRelease=TRUE) */ /* from PACKAGEVERSIONS, then join to deduplicated DEPENDENCIES to get all dependency */ /* relationships, and count the mos
    CONVERTED:    WITH all_releases AS (SELECT DISTINCT «Name», «Version», CAST(JSON_EXTRACT_PATH(«VersionInfo», "Ordinal") AS INT) AS ordinal FROM «DEPS_DEV_V1».«DEPS_DEV_V1».«PACKAGEVERSIONS» WHERE «System» = "NPM" AND CAST(JSON_EXTR
    ERROR:     Failed to parse type in AS clause: projects.name
[compile_fail] sf_bq019 variant[0]
    SQL:       WITH top_drg AS (SELECT "drg_definition" FROM "CMS_DATA"."CMS_MEDICARE"."INPATIENT_CHARGES_2014" GROUP BY "drg_definition" ORDER BY SUM("total_discharges") DESC LIMIT 1), city_stats AS (SELECT i."drg_definition" AS "Diag
    CONVERTED: WITH top_drg AS (SELECT «drg_definition» FROM «CMS_DATA».«CMS_MEDICARE».«INPATIENT_CHARGES_2014» GROUP BY «drg_definition» ORDER BY SUM(«total_discharges») DESC LIMIT 1), city_stats AS (SELECT i.«drg_definition» AS «Diag
    ERROR:     Failed to parse type in AS clause: inpatient_charges_2011.drg_definition
[compile_fail] sf_bq019 variant[1]
    SQL:       WITH top_drg AS (SELECT "drg_definition" FROM "CMS_DATA"."CMS_MEDICARE"."INPATIENT_CHARGES_2014" GROUP BY "drg_definition" ORDER BY SUM("total_discharges") DESC LIMIT 1), city_stats AS (SELECT ic."drg_definition" AS Diag
    CONVERTED: WITH top_drg AS (SELECT «drg_definition» FROM «CMS_DATA».«CMS_MEDICARE».«INPATIENT_CHARGES_2014» GROUP BY «drg_definition» ORDER BY SUM(«total_discharges») DESC LIMIT 1), city_stats AS (SELECT ic.«drg_definition» AS Diag
    ERROR:     Failed to parse type in AS clause: inpatient_charges_2011.drg_definition
[compile_fail] sf_bq019 variant[2]
    SQL:       WITH top_drg AS (SELECT "drg_definition" FROM "CMS_DATA"."CMS_MEDICARE"."INPATIENT_CHARGES_2014" GROUP BY "drg_definition" ORDER BY SUM("total_discharges") DESC LIMIT 1), city_stats AS (SELECT i."drg_definition" AS "Diag
    CONVERTED: WITH top_drg AS (SELECT «drg_definition» FROM «CMS_DATA».«CMS_MEDICARE».«INPATIENT_CHARGES_2014» GROUP BY «drg_definition» ORDER BY SUM(«total_discharges») DESC LIMIT 1), city_stats AS (SELECT i.«drg_definition» AS «Diag
    ERROR:     Failed to parse type in AS clause: inpatient_charges_2011.drg_definition
[compile_fail] sf_bq019 variant[3]
    SQL:       WITH top_drg AS (SELECT "drg_definition" FROM "CMS_DATA"."CMS_MEDICARE"."INPATIENT_CHARGES_2014" GROUP BY "drg_definition" ORDER BY SUM("total_discharges") DESC LIMIT 1), city_stats AS (SELECT i."drg_definition" AS "Diag
    CONVERTED: WITH top_drg AS (SELECT «drg_definition» FROM «CMS_DATA».«CMS_MEDICARE».«INPATIENT_CHARGES_2014» GROUP BY «drg_definition» ORDER BY SUM(«total_discharges») DESC LIMIT 1), city_stats AS (SELECT i.«drg_definition» AS «Diag
    ERROR:     Failed to parse type in AS clause: inpatient_charges_2011.drg_definition
[compile_fail] sf_bq021 variant[0]
    SQL:       WITH bike_routes_2016 AS (SELECT "start_station_name", "end_station_name", ROUND("start_station_latitude", 3) AS start_lat, ROUND("start_station_longitude", 3) AS start_lon, ROUND("end_station_latitude", 3) AS end_lat, R
    CONVERTED: WITH bike_routes_2016 AS (SELECT «start_station_name», «end_station_name», ROUND(«start_station_latitude», 3) AS start_lat, ROUND(«start_station_longitude», 3) AS start_lon, ROUND(«end_station_latitude», 3) AS end_lat, R
    ERROR:     Failed to parse type in AS clause: ROUND(tlc_green_trips_2013.pickup_latitude,3)
[compile_fail] sf_bq021 variant[1]
    SQL:       WITH bike_routes AS (SELECT "start_station_name", "end_station_name", ROUND("start_station_latitude", 3) AS start_lat, ROUND("start_station_longitude", 3) AS start_lon, ROUND("end_station_latitude", 3) AS end_lat, ROUND(
    CONVERTED: WITH bike_routes AS (SELECT «start_station_name», «end_station_name», ROUND(«start_station_latitude», 3) AS start_lat, ROUND(«start_station_longitude», 3) AS start_lon, ROUND(«end_station_latitude», 3) AS end_lat, ROUND(
    ERROR:     Failed to parse type in AS clause: ROUND(tlc_green_trips_2013.pickup_latitude,3)
[compile_fail] sf_bq029 variant[0]
    SQL:       WITH ca_patents AS (SELECT FLOOR(CAST("publication_date" AS DOUBLE PRECISION) / 10000) AS pub_year, ARRAY_LENGTH("inventor", 1) AS num_inventors FROM "PATENTS"."PATENTS"."PUBLICATIONS" WHERE "country_code" = 'CA' AND FLO
    CONVERTED: WITH ca_patents AS (SELECT FLOOR(CAST(«publication_date» AS DOUBLE PRECISION) / 10000) AS pub_year, ARRAY_LENGTH(«inventor», 1) AS num_inventors FROM «PATENTS».«PATENTS».«PUBLICATIONS» WHERE «country_code» = "CA" AND FLO
    ERROR:     Failed to parse type in AS clause: FLOOR(CAST(pub_year AS DOUBLE PRECISION) / 5) * 5
[compile_fail] sf_bq029 variant[1]
    SQL:       WITH patent_data AS (SELECT FLOOR(CAST("publication_date" AS DOUBLE PRECISION) / 10000) AS pub_year, ARRAY_LENGTH("inventor", 1) AS inventor_count FROM "PATENTS"."PATENTS"."PUBLICATIONS" WHERE "country_code" = 'CA' AND A
    CONVERTED: WITH patent_data AS (SELECT FLOOR(CAST(«publication_date» AS DOUBLE PRECISION) / 10000) AS pub_year, ARRAY_LENGTH(«inventor», 1) AS inventor_count FROM «PATENTS».«PATENTS».«PUBLICATIONS» WHERE «country_code» = "CA" AND A
    ERROR:     Failed to parse type in AS clause: FLOOR(CAST((pub_year - 1960)AS DOUBLE PRECISION) / 5) * 5 + 1960
[compile_fail] sf_bq029 variant[2]
    SQL:       WITH base AS (SELECT FLOOR(CAST("publication_date" AS DOUBLE PRECISION) / 10000) AS pub_year, ARRAY_LENGTH("inventor", 1) AS num_inventors FROM "PATENTS"."PATENTS"."PUBLICATIONS" WHERE "country_code" = 'CA' AND ARRAY_LEN
    CONVERTED: WITH base AS (SELECT FLOOR(CAST(«publication_date» AS DOUBLE PRECISION) / 10000) AS pub_year, ARRAY_LENGTH(«inventor», 1) AS num_inventors FROM «PATENTS».«PATENTS».«PUBLICATIONS» WHERE «country_code» = "CA" AND ARRAY_LEN
    ERROR:     Failed to parse type in AS clause: FLOOR(CAST((pub_year - 1960)AS DOUBLE PRECISION) / 5) * 5 + 1960
[compile_fail] sf_bq032 variant[0]
    SQL:       /* Find the latitude of the final coordinates for the hurricane that traveled */ /* the second longest distance in the North Atlantic during 2020 */ WITH hurricane_sids AS (/* Identify storms that reached hurricane statu
    CONVERTED:   WITH hurricane_sids AS ( SELECT DISTINCT «sid» FROM «NOAA_DATA».«NOAA_HURRICANES».«HURRICANES» WHERE «basin» = "NA" AND «season» = "2020" AND «usa_status» = "HU"), track_with_prev AS ( SELECT h.«sid», h.«name», h.«lati
    ERROR:     Failed to parse type in AS clause: stations.name
[compile_fail] sf_bq034 variant[2]
    SQL:       SELECT "id" AS "id", "name" AS "name", "state" AS "state", 'POINT(' || "longitude" || ' ' || "latitude" || ')' AS "LOC", ST_DISTANCE(ST_POINT("longitude", "latitude"), ST_POINT(-87.6847, 41.8319)) AS "DIST_METERS", RANK(
    CONVERTED: SELECT «id» AS «id», «name» AS «name», «state» AS «state», "POINT(" || «longitude» || " " || «latitude» || ")" AS «LOC», ST_DISTANCE(ST_POINT(«longitude», «latitude»), ST_POINT(-87.6847, 41.8319)) AS «DIST_METERS», RANK(
    ERROR:     Failed to parse type in AS clause: ghcnd_1765.id

### [18x]  parse: WITH / CTE

[compile_fail] sf041 variant[0]
    SQL:       /* SF041: ERCOT Daily Market Dynamics Report for October 1, 2022 */ WITH hours AS (SELECT CAST('2022-10-01 00:00:00' AS TIMESTAMP) + INTERVAL '1 HOUR' * SEQ4() AS dt FROM TABLE(GENERATOR(24))), spine AS (SELECT 'ERCOT' A
    CONVERTED:  WITH hours AS (SELECT CAST("2022-10-01 00:00:00" AS TIMESTAMP) + INTERVAL "1 HOUR" * SEQ4() AS dt FROM TABLE(GENERATOR(24))), spine AS (SELECT "ERCOT" AS ISO, dt AS DATETIME, "CDT" AS TIMEZONE, dt + INTERVAL "5 HOUR" AS
    ERROR:     Failed to parse SQL query:  WITH hours AS (SELECT CAST("2022-10-01 00:00:00" AS TIMESTAMP) + INTERVAL "1 HOUR" * SEQ4() AS dt FROM TABLE(GENERATOR(24))), spine AS (SELECT "ERCOT" AS ISO, dt AS DATETIME, "CDT" AS TIMEZONE, dt + INTERVAL "5 HOUR" AS DATETIME_UTC, 0 AS ONPEAK, CASE WHEN HOUR(dt) BETWEEN 7 AND 22 THEN 0 ELSE 1 END AS OFFPEAK, CASE WHEN HOUR(dt) BETWEEN 7 AND 22 THEN 1 ELSE 0 END AS WE
[compile_fail] sf041 variant[1]
    SQL:       WITH hours AS (SELECT CAST('2022-10-01 00:00:00' AS TIMESTAMP) + INTERVAL '1 HOUR' * SEQ4() AS dt FROM TABLE(GENERATOR(24))), time_scaffold AS (SELECT 'ERCOT' AS "ISO", h.dt AS "DATETIME", 'CDT' AS "TIMEZONE", h.dt + INT
    CONVERTED: WITH hours AS (SELECT CAST("2022-10-01 00:00:00" AS TIMESTAMP) + INTERVAL "1 HOUR" * SEQ4() AS dt FROM TABLE(GENERATOR(24))), time_scaffold AS (SELECT "ERCOT" AS «ISO», h.dt AS «DATETIME», "CDT" AS «TIMEZONE», h.dt + INT
    ERROR:     Failed to parse SQL query: WITH hours AS (SELECT CAST("2022-10-01 00:00:00" AS TIMESTAMP) + INTERVAL "1 HOUR" * SEQ4() AS dt FROM TABLE(GENERATOR(24))), time_scaffold AS (SELECT "ERCOT" AS «ISO», h.dt AS «DATETIME», "CDT" AS «TIMEZONE», h.dt + INTERVAL "5 HOUR" AS «DATETIME_UTC», 0 AS «ONPEAK», CASE WHEN EXTRACT(HOUR FROM h.dt) BETWEEN 7 AND 22 THEN 0 ELSE 1 END AS «OFFPEAK», CASE WHEN EXTRACT(HOU
[compile_fail] sf_bq001 variant[2]
    SQL:       WITH feb_sessions AS (SELECT "fullVisitorId", "date", "totals", "device" FROM "GA360"."GOOGLE_ANALYTICS_SAMPLE"."GA_SESSIONS_20170201" UNION ALL SELECT "fullVisitorId", "date", "totals", "device" FROM "GA360"."GOOGLE_ANA
    CONVERTED: WITH feb_sessions AS (SELECT «fullVisitorId», «date», «totals», «device» FROM «GA360».«GOOGLE_ANALYTICS_SAMPLE».«GA_SESSIONS_20170201» UNION ALL SELECT «fullVisitorId», «date», «totals», «device» FROM «GA360».«GOOGLE_ANA
    ERROR:     Failed to parse SQL query: WITH feb_sessions AS (SELECT «fullVisitorId», «date», «totals», «device» FROM «GA360».«GOOGLE_ANALYTICS_SAMPLE».«GA_SESSIONS_20170201» UNION ALL SELECT «fullVisitorId», «date», «totals», «device» FROM «GA360».«GOOGLE_ANALYTICS_SAMPLE».«GA_SESSIONS_20170202» UNION ALL SELECT «fullVisitorId», «date», «totals», «device» FROM «GA360».«GOOGLE_ANALYTICS_SAMPLE».«GA_SESSIONS_20
[compile_fail] sf_bq005 variant[0]
    SQL:       WITH numbered AS (SELECT "number", "timestamp", ROW_NUMBER() OVER (ORDER BY "number") AS rn FROM "CRYPTO"."CRYPTO_BITCOIN"."BLOCKS" WHERE "number" > 0), intervals AS (SELECT CAST(TO_TIMESTAMP_NTZ(CAST(a."timestamp" AS DO
    CONVERTED: WITH numbered AS (SELECT «number», «timestamp», ROW_NUMBER() OVER (ORDER BY «number») AS rn FROM «CRYPTO».«CRYPTO_BITCOIN».«BLOCKS» WHERE «number» > 0), intervals AS (SELECT CAST(TO_TIMESTAMP_NTZ(CAST(a.«timestamp» AS DO
    ERROR:     Failed to parse SQL query: WITH numbered AS (SELECT «number», «timestamp», ROW_NUMBER() OVER (ORDER BY «number») AS rn FROM «CRYPTO».«CRYPTO_BITCOIN».«BLOCKS» WHERE «number» > 0), intervals AS (SELECT CAST(TO_TIMESTAMP_NTZ(CAST(a.«timestamp» AS DOUBLE PRECISION) / 1000000) AS DATE) AS «DATE», CAST((a.«timestamp» - b.«timestamp») AS DOUBLE PRECISION) / 1000000.0 AS block_interval_seconds FROM numbe
[compile_fail] sf_bq014 variant[1]
    SQL:       WITH first_orders AS (SELECT DISTINCT "user_id", FIRST_VALUE("order_id") OVER (PARTITION BY "user_id" ORDER BY "created_at" ROWS BETWEEN UNBOUNDED PRECEDING AND UNBOUNDED FOLLOWING) AS first_order_id FROM "THELOOK_ECOMME
    CONVERTED: WITH first_orders AS (SELECT DISTINCT «user_id», FIRST_VALUE(«order_id») OVER (PARTITION BY «user_id» ORDER BY «created_at» ROWS BETWEEN UNBOUNDED PRECEDING AND UNBOUNDED FOLLOWING) AS first_order_id FROM «THELOOK_ECOMME
    ERROR:     Failed to parse SQL query: WITH first_orders AS (SELECT DISTINCT «user_id», FIRST_VALUE(«order_id») OVER (PARTITION BY «user_id» ORDER BY «created_at» ROWS BETWEEN UNBOUNDED PRECEDING AND UNBOUNDED FOLLOWING) AS first_order_id FROM «THELOOK_ECOMMERCE».«THELOOK_ECOMMERCE».«ORDERS» WHERE NOT «status» IN ("Cancelled", "Returned")), first_order_categories AS (SELECT fo.«user_id», p.«category», oi.«sal
[compile_fail] sf_bq016 variant[0]
    SQL:       WITH release_versions AS (/* Get all NPM release versions with their ordinals */ /* Deduplicate across snapshots by taking MAX ordinal per Name+Version */ SELECT "Name", "Version", MAX(CAST(JSON_EXTRACT_PATH("VersionInfo
    CONVERTED: WITH release_versions AS (  SELECT «Name», «Version», MAX(CAST(JSON_EXTRACT_PATH(«VersionInfo», "Ordinal") AS INT)) AS ordinal FROM «DEPS_DEV_V1».«DEPS_DEV_V1».«PACKAGEVERSIONS» WHERE «System» = "NPM" AND CAST(JSON_EXTRA
    ERROR:     Failed to parse SQL query: WITH release_versions AS (  SELECT «Name», «Version», MAX(CAST(JSON_EXTRACT_PATH(«VersionInfo», "Ordinal") AS INT)) AS ordinal FROM «DEPS_DEV_V1».«DEPS_DEV_V1».«PACKAGEVERSIONS» WHERE «System» = "NPM" AND CAST(JSON_EXTRACT_PATH(«VersionInfo», "IsRelease") AS BOOLEAN) = TRUE GROUP BY «Name», «Version»), highest_release AS ( SELECT «Name», «Version» FROM (SELECT «Name», «V
[compile_fail] sf_bq021 variant[2]
    SQL:       WITH bike_trips AS (SELECT "start_station_name", ROUND("start_station_latitude", 3) AS start_lat, ROUND("start_station_longitude", 3) AS start_lon, ROUND("end_station_latitude", 3) AS end_lat, ROUND("end_station_longitud
    CONVERTED: WITH bike_trips AS (SELECT «start_station_name», ROUND(«start_station_latitude», 3) AS start_lat, ROUND(«start_station_longitude», 3) AS start_lon, ROUND(«end_station_latitude», 3) AS end_lat, ROUND(«end_station_longitud
    ERROR:     Failed to parse SQL query: WITH bike_trips AS (SELECT «start_station_name», ROUND(«start_station_latitude», 3) AS start_lat, ROUND(«start_station_longitude», 3) AS start_lon, ROUND(«end_station_latitude», 3) AS end_lat, ROUND(«end_station_longitude», 3) AS end_lon, «tripduration» FROM «NEW_YORK».«NEW_YORK».«CITIBIKE_TRIPS» WHERE EXTRACT(YEAR FROM TO_TIMESTAMP(CAST(«starttime» AS DOUBLE PRECISION) 
[compile_fail] sf_bq022 variant[0]
    SQL:       WITH agg_by_seconds AS (SELECT "trip_seconds", COUNT(*) AS row_cnt, SUM("fare") AS fare_sum, COUNT("fare") AS fare_cnt FROM "CHICAGO"."CHICAGO_TAXI_TRIPS"."TAXI_TRIPS" WHERE NOT "trip_seconds" IS NULL AND "trip_seconds" 
    CONVERTED: WITH agg_by_seconds AS (SELECT «trip_seconds», COUNT(*) AS row_cnt, SUM(«fare») AS fare_sum, COUNT(«fare») AS fare_cnt FROM «CHICAGO».«CHICAGO_TAXI_TRIPS».«TAXI_TRIPS» WHERE NOT «trip_seconds» IS NULL AND «trip_seconds» 
    ERROR:     Failed to parse SQL query: WITH agg_by_seconds AS (SELECT «trip_seconds», COUNT(*) AS row_cnt, SUM(«fare») AS fare_sum, COUNT(«fare») AS fare_cnt FROM «CHICAGO».«CHICAGO_TAXI_TRIPS».«TAXI_TRIPS» WHERE NOT «trip_seconds» IS NULL AND «trip_seconds» >= 0 AND «trip_seconds» <= 3600 GROUP BY «trip_seconds»), with_cumulative AS (SELECT «trip_seconds», row_cnt, fare_sum, fare_cnt, SUM(row_cnt) OVER (ORDE
[compile_fail] sf_bq022 variant[1]
    SQL:       WITH per_second AS (SELECT "trip_seconds", COUNT(*) AS cnt, SUM("fare") AS total_fare, COUNT("fare") AS fare_count FROM "CHICAGO"."CHICAGO_TAXI_TRIPS"."TAXI_TRIPS" WHERE "trip_seconds" >= 0 AND "trip_seconds" <= 3600 GRO
    CONVERTED: WITH per_second AS (SELECT «trip_seconds», COUNT(*) AS cnt, SUM(«fare») AS total_fare, COUNT(«fare») AS fare_count FROM «CHICAGO».«CHICAGO_TAXI_TRIPS».«TAXI_TRIPS» WHERE «trip_seconds» >= 0 AND «trip_seconds» <= 3600 GRO
    ERROR:     Failed to parse SQL query: WITH per_second AS (SELECT «trip_seconds», COUNT(*) AS cnt, SUM(«fare») AS total_fare, COUNT(«fare») AS fare_count FROM «CHICAGO».«CHICAGO_TAXI_TRIPS».«TAXI_TRIPS» WHERE «trip_seconds» >= 0 AND «trip_seconds» <= 3600 GROUP BY «trip_seconds»), cumulative AS (SELECT «trip_seconds», cnt, total_fare, fare_count, COALESCE(SUM(cnt) OVER (ORDER BY «trip_seconds» ROWS BETWEEN UN
[compile_fail] sf_bq022 variant[2]
    SQL:       WITH agg AS (SELECT "trip_seconds" AS ts, COUNT(*) AS cnt, SUM("fare") AS total_fare FROM "CHICAGO"."CHICAGO_TAXI_TRIPS"."TAXI_TRIPS" WHERE NOT "trip_seconds" IS NULL AND "trip_seconds" >= 0 AND "trip_seconds" <= 3600 GR
    CONVERTED: WITH agg AS (SELECT «trip_seconds» AS ts, COUNT(*) AS cnt, SUM(«fare») AS total_fare FROM «CHICAGO».«CHICAGO_TAXI_TRIPS».«TAXI_TRIPS» WHERE NOT «trip_seconds» IS NULL AND «trip_seconds» >= 0 AND «trip_seconds» <= 3600 GR
    ERROR:     Failed to parse SQL query: WITH agg AS (SELECT «trip_seconds» AS ts, COUNT(*) AS cnt, SUM(«fare») AS total_fare FROM «CHICAGO».«CHICAGO_TAXI_TRIPS».«TAXI_TRIPS» WHERE NOT «trip_seconds» IS NULL AND «trip_seconds» >= 0 AND «trip_seconds» <= 3600 GROUP BY «trip_seconds»), cum AS (SELECT ts, cnt, total_fare, SUM(cnt) OVER (ORDER BY ts ROWS BETWEEN UNBOUNDED PRECEDING AND CURRENT ROW) AS cum_cnt, SUM(
[compile_fail] sf_bq023 variant[2]
    SQL:       /* Aggregate donation stats per 5-digit ZIP for NY donors with positive amounts */ WITH zip_stats AS (SELECT SUBSTRING(ind."zip_code" FROM 1 FOR 5) AS "zip5", SUM(ind."transaction_amt") AS "total_amt", COUNT(*) AS "cnt" 
    CONVERTED:  WITH zip_stats AS (SELECT SUBSTRING(ind.«zip_code» FROM 1 FOR 5) AS «zip5», SUM(ind.«transaction_amt») AS «total_amt», COUNT(*) AS «cnt» FROM «FEC».«FEC».«INDIVIDUALS_INGEST_2020» AS ind WHERE ind.«state» = "NY" AND ind
    ERROR:     Failed to parse SQL query:  WITH zip_stats AS (SELECT SUBSTRING(ind.«zip_code» FROM 1 FOR 5) AS «zip5», SUM(ind.«transaction_amt») AS «total_amt», COUNT(*) AS «cnt» FROM «FEC».«FEC».«INDIVIDUALS_INGEST_2020» AS ind WHERE ind.«state» = "NY" AND ind.«transaction_amt» > 0 GROUP BY SUBSTRING(ind.«zip_code» FROM 1 FOR 5)), donations_by_tract  AS (SELECT xw.«census_tract_geoid», CASE WHEN SUM(zs.«cnt» *
[compile_fail] sf_bq029 variant[3]
    SQL:       WITH patents AS (SELECT "publication_number", FLOOR(CAST("publication_date" AS DOUBLE PRECISION) / 10000) AS pub_year, ARRAY_LENGTH("inventor", 1) AS num_inventors FROM "PATENTS"."PATENTS"."PUBLICATIONS" WHERE "country_c
    CONVERTED: WITH patents AS (SELECT «publication_number», FLOOR(CAST(«publication_date» AS DOUBLE PRECISION) / 10000) AS pub_year, ARRAY_LENGTH(«inventor», 1) AS num_inventors FROM «PATENTS».«PATENTS».«PUBLICATIONS» WHERE «country_c
    ERROR:     Failed to parse SQL query: WITH patents AS (SELECT «publication_number», FLOOR(CAST(«publication_date» AS DOUBLE PRECISION) / 10000) AS pub_year, ARRAY_LENGTH(«inventor», 1) AS num_inventors FROM «PATENTS».«PATENTS».«PUBLICATIONS» WHERE «country_code» = "CA" AND «publication_date» >= 19600101 AND «publication_date» <= 20201231 AND NOT «inventor» IS NULL AND ARRAY_LENGTH(«inventor», 1) > 0), bucket
[compile_fail] sf_bq031 variant[0]
    SQL:       WITH daily_data AS (SELECT CAST(TO_TIMESTAMP("year" || '-' || "mo" || '-' || "da", 'YYYY-MM-DD') AS DATE) AS "DATE", ROUND(CAST(CAST(("temp" - 32) * 5.0 AS DOUBLE PRECISION) / 9.0 AS DECIMAL), 1) AS "TEMP_C", ROUND("prcp
    CONVERTED: WITH daily_data AS (SELECT CAST(TO_TIMESTAMP(«year» || "-" || «mo» || "-" || «da», "YYYY-MM-DD") AS DATE) AS «DATE», ROUND(CAST(CAST((«temp» - 32) * 5.0 AS DOUBLE PRECISION) / 9.0 AS DECIMAL), 1) AS «TEMP_C», ROUND(«prcp
    ERROR:     Failed to parse SQL query: WITH daily_data AS (SELECT CAST(TO_TIMESTAMP(«year» || "-" || «mo» || "-" || «da», "YYYY-MM-DD") AS DATE) AS «DATE», ROUND(CAST(CAST((«temp» - 32) * 5.0 AS DOUBLE PRECISION) / 9.0 AS DECIMAL), 1) AS «TEMP_C», ROUND(«prcp» * 2.54, 1) AS «PRCP_CM», ROUND(CAST(CAST(«wdsp» AS DOUBLE PRECISION) * 0.514444 AS DECIMAL), 1) AS «WDSP_MPS» FROM «NOAA_DATA».«NOAA_GSOD».«GSOD2019» W
[compile_fail] sf_bq031 variant[1]
    SQL:       WITH raw_data AS (SELECT CAST(TO_TIMESTAMP("year" || '-' || "mo" || '-' || "da", 'YYYY-MM-DD') AS DATE) AS dt, ROUND(CAST(CAST(("temp" - 32.0) * 5.0 AS DOUBLE PRECISION) / 9.0 AS DECIMAL), 1) AS temp_c, ROUND("prcp" * 2.
    CONVERTED: WITH raw_data AS (SELECT CAST(TO_TIMESTAMP(«year» || "-" || «mo» || "-" || «da», "YYYY-MM-DD") AS DATE) AS dt, ROUND(CAST(CAST((«temp» - 32.0) * 5.0 AS DOUBLE PRECISION) / 9.0 AS DECIMAL), 1) AS temp_c, ROUND(«prcp» * 2.
    ERROR:     Failed to parse SQL query: WITH raw_data AS (SELECT CAST(TO_TIMESTAMP(«year» || "-" || «mo» || "-" || «da», "YYYY-MM-DD") AS DATE) AS dt, ROUND(CAST(CAST((«temp» - 32.0) * 5.0 AS DOUBLE PRECISION) / 9.0 AS DECIMAL), 1) AS temp_c, ROUND(«prcp» * 2.54, 1) AS prcp_cm, ROUND(CAST(CAST(«wdsp» AS DOUBLE PRECISION) * 0.514444 AS DECIMAL), 1) AS wdsp_mps FROM «NOAA_DATA».«NOAA_GSOD».«GSOD2019» WHERE «stn»
[compile_fail] sf_bq031 variant[2]
    SQL:       WITH base AS (SELECT CAST(TO_TIMESTAMP("year" || '-' || "mo" || '-' || "da", 'YYYY-MM-DD') AS DATE) AS "date", ROUND(CAST(CAST(("temp" - 32) * 5.0 AS DOUBLE PRECISION) / 9.0 AS DECIMAL), 1) AS temp_c, ROUND("prcp" * 2.54
    CONVERTED: WITH base AS (SELECT CAST(TO_TIMESTAMP(«year» || "-" || «mo» || "-" || «da», "YYYY-MM-DD") AS DATE) AS «date», ROUND(CAST(CAST((«temp» - 32) * 5.0 AS DOUBLE PRECISION) / 9.0 AS DECIMAL), 1) AS temp_c, ROUND(«prcp» * 2.54
    ERROR:     Failed to parse SQL query: WITH base AS (SELECT CAST(TO_TIMESTAMP(«year» || "-" || «mo» || "-" || «da», "YYYY-MM-DD") AS DATE) AS «date», ROUND(CAST(CAST((«temp» - 32) * 5.0 AS DOUBLE PRECISION) / 9.0 AS DECIMAL), 1) AS temp_c, ROUND(«prcp» * 2.54, 1) AS prcp_cm, ROUND(«wdsp» * 0.514444, 1) AS wdsp_mps FROM «NOAA_DATA».«NOAA_GSOD».«GSOD2019» WHERE «stn» = "725290" AND «wban» = "14768" AND CAST(TO_
[compile_fail] sf_bq032 variant[1]
    SQL:       /* Find the latitude of the final coordinates for the hurricane that traveled */ /* the second longest distance in the North Atlantic during 2020. */ /* Distance is computed as total path distance (sum of consecutive seg
    CONVERTED:    WITH ordered_points AS (SELECT «sid», «iso_time», «latitude», «longitude», LAG(«latitude») OVER (PARTITION BY «sid» ORDER BY «iso_time») AS prev_lat, LAG(«longitude») OVER (PARTITION BY «sid» ORDER BY «iso_time») AS p
    ERROR:     Failed to parse SQL query:    WITH ordered_points AS (SELECT «sid», «iso_time», «latitude», «longitude», LAG(«latitude») OVER (PARTITION BY «sid» ORDER BY «iso_time») AS prev_lat, LAG(«longitude») OVER (PARTITION BY «sid» ORDER BY «iso_time») AS prev_lon FROM «NOAA_DATA».«NOAA_HURRICANES».«HURRICANES» WHERE «season» = "2020" AND «basin» = "NA"), hurricane_distances AS (SELECT «sid», SUM(ST_DISTANC
[compile_fail] sf_bq032 variant[2]
    SQL:       WITH ordered_obs AS (SELECT "sid", "latitude", "longitude", "iso_time", ROW_NUMBER() OVER (PARTITION BY "sid" ORDER BY "iso_time") AS rn, COUNT(*) OVER (PARTITION BY "sid") AS total_obs FROM "NOAA_DATA"."NOAA_HURRICANES"
    CONVERTED: WITH ordered_obs AS (SELECT «sid», «latitude», «longitude», «iso_time», ROW_NUMBER() OVER (PARTITION BY «sid» ORDER BY «iso_time») AS rn, COUNT(*) OVER (PARTITION BY «sid») AS total_obs FROM «NOAA_DATA».«NOAA_HURRICANES»
    ERROR:     Failed to parse SQL query: WITH ordered_obs AS (SELECT «sid», «latitude», «longitude», «iso_time», ROW_NUMBER() OVER (PARTITION BY «sid» ORDER BY «iso_time») AS rn, COUNT(*) OVER (PARTITION BY «sid») AS total_obs FROM «NOAA_DATA».«NOAA_HURRICANES».«HURRICANES» WHERE «season» = "2020" AND «basin» = "NA"), segments AS (SELECT a.«sid», ST_DISTANCE(ST_POINT(a.«longitude», a.«latitude»), ST_POINT(b.«lo
[compile_fail] sf_bq032 variant[3]
    SQL:       WITH ordered_points AS (SELECT "sid", "name", "iso_time", "latitude", "longitude", LAG("latitude") OVER (PARTITION BY "sid" ORDER BY "iso_time") AS prev_lat, LAG("longitude") OVER (PARTITION BY "sid" ORDER BY "iso_time")
    CONVERTED: WITH ordered_points AS (SELECT «sid», «name», «iso_time», «latitude», «longitude», LAG(«latitude») OVER (PARTITION BY «sid» ORDER BY «iso_time») AS prev_lat, LAG(«longitude») OVER (PARTITION BY «sid» ORDER BY «iso_time»)
    ERROR:     Failed to parse SQL query: WITH ordered_points AS (SELECT «sid», «name», «iso_time», «latitude», «longitude», LAG(«latitude») OVER (PARTITION BY «sid» ORDER BY «iso_time») AS prev_lat, LAG(«longitude») OVER (PARTITION BY «sid» ORDER BY «iso_time») AS prev_lon FROM «NOAA_DATA».«NOAA_HURRICANES».«HURRICANES» WHERE «season» = "2020" AND «basin» = "NA"), segment_distances AS (SELECT «sid», «name», «is

### [4x]  elaboration timeout (heartbeats)

[compile_fail] sf_bq030 variant[0]
    SQL:       SELECT "country_name" AS "COUNTRY", ROUND(CAST(SUM("cumulative_recovered") AS DOUBLE PRECISION) / SUM("cumulative_confirmed") * 100, 2) AS "RECOVERY_RATE" FROM "COVID19_OPEN_DATA"."COVID19_OPEN_DATA"."COVID19_OPEN_DATA" 
    CONVERTED: SELECT «country_name» AS «COUNTRY», ROUND(CAST(SUM(«cumulative_recovered») AS DOUBLE PRECISION) / SUM(«cumulative_confirmed») * 100, 2) AS «RECOVERY_RATE» FROM «COVID19_OPEN_DATA».«COVID19_OPEN_DATA».«COVID19_OPEN_DATA» 
    ERROR:     (deterministic) timeout at `isDefEq`, maximum number of heartbeats (1000000) has been reached
[compile_fail] sf_bq030 variant[1]
    SQL:       SELECT "country_name" AS "COUNTRY", ROUND(CAST(SUM("cumulative_recovered") * 100.0 AS DOUBLE PRECISION) / SUM("cumulative_confirmed"), 2) AS "RECOVERY_RATE" FROM "COVID19_OPEN_DATA"."COVID19_OPEN_DATA"."COVID19_OPEN_DATA
    CONVERTED: SELECT «country_name» AS «COUNTRY», ROUND(CAST(SUM(«cumulative_recovered») * 100.0 AS DOUBLE PRECISION) / SUM(«cumulative_confirmed»), 2) AS «RECOVERY_RATE» FROM «COVID19_OPEN_DATA».«COVID19_OPEN_DATA».«COVID19_OPEN_DATA
    ERROR:     (deterministic) timeout at `whnf`, maximum number of heartbeats (1000000) has been reached
[compile_fail] sf_bq030 variant[2]
    SQL:       SELECT "country_name" AS "COUNTRY", ROUND(CAST(SUM(COALESCE("cumulative_recovered", 0)) AS DOUBLE PRECISION) / SUM("cumulative_confirmed") * 100, 2) AS "RECOVERY_RATE" FROM "COVID19_OPEN_DATA"."COVID19_OPEN_DATA"."COVID1
    CONVERTED: SELECT «country_name» AS «COUNTRY», ROUND(CAST(SUM(COALESCE(«cumulative_recovered», 0)) AS DOUBLE PRECISION) / SUM(«cumulative_confirmed») * 100, 2) AS «RECOVERY_RATE» FROM «COVID19_OPEN_DATA».«COVID19_OPEN_DATA».«COVID1
    ERROR:     (deterministic) timeout at `whnf`, maximum number of heartbeats (1000000) has been reached
[compile_fail] sf_bq030 variant[3]
    SQL:       SELECT "country_name" AS "COUNTRY", ROUND(CAST(SUM("cumulative_recovered") * 100.0 AS DOUBLE PRECISION) / NULLIF(SUM("cumulative_confirmed"), 0), 2) AS "RECOVERY_RATE" FROM "COVID19_OPEN_DATA"."COVID19_OPEN_DATA"."COVID1
    CONVERTED: SELECT «country_name» AS «COUNTRY», ROUND(CAST(SUM(«cumulative_recovered») * 100.0 AS DOUBLE PRECISION) / NULLIF(SUM(«cumulative_confirmed»), 0), 2) AS «RECOVERY_RATE» FROM «COVID19_OPEN_DATA».«COVID19_OPEN_DATA».«COVID1
    ERROR:     (deterministic) timeout at `whnf`, maximum number of heartbeats (1000000) has been reached

### [3x]  parse: SELECT body

[compile_fail] sf_bq034 variant[0]
    SQL:       SELECT "id", "name", "state", ST_ASTEXT(ST_POINT("longitude", "latitude")) AS LOC, ST_DISTANCE(ST_POINT(-87.6847, 41.8319), ST_POINT("longitude", "latitude")) AS DIST_METERS, RANK() OVER (ORDER BY ST_DISTANCE(ST_POINT(-8
    CONVERTED: SELECT «id», «name», «state», ST_ASTEXT(ST_POINT(«longitude», «latitude»)) AS LOC, ST_DISTANCE(ST_POINT(-87.6847, 41.8319), ST_POINT(«longitude», «latitude»)) AS DIST_METERS, RANK() OVER (ORDER BY ST_DISTANCE(ST_POINT(-8
    ERROR:     Failed to parse SQL query: SELECT «id», «name», «state», ST_ASTEXT(ST_POINT(«longitude», «latitude»)) AS LOC, ST_DISTANCE(ST_POINT(-87.6847, 41.8319), ST_POINT(«longitude», «latitude»)) AS DIST_METERS, RANK() OVER (ORDER BY ST_DISTANCE(ST_POINT(-87.6847, 41.8319), ST_POINT(«longitude», «latitude»))) AS RANK FROM «GHCN_D».«GHCN_D».«GHCND_STATIONS» WHERE ST_DISTANCE(ST_POINT(-87.6847, 41.8319), ST_P
[compile_fail] sf_bq034 variant[1]
    SQL:       SELECT "id", "name", "state", ST_ASTEXT(ST_POINT("longitude", "latitude")) AS LOC, ST_DISTANCE(ST_POINT(-87.6847, 41.8319), ST_POINT("longitude", "latitude")) AS DIST_METERS, RANK() OVER (ORDER BY ST_DISTANCE(ST_POINT(-8
    CONVERTED: SELECT «id», «name», «state», ST_ASTEXT(ST_POINT(«longitude», «latitude»)) AS LOC, ST_DISTANCE(ST_POINT(-87.6847, 41.8319), ST_POINT(«longitude», «latitude»)) AS DIST_METERS, RANK() OVER (ORDER BY ST_DISTANCE(ST_POINT(-8
    ERROR:     Failed to parse SQL query: SELECT «id», «name», «state», ST_ASTEXT(ST_POINT(«longitude», «latitude»)) AS LOC, ST_DISTANCE(ST_POINT(-87.6847, 41.8319), ST_POINT(«longitude», «latitude»)) AS DIST_METERS, RANK() OVER (ORDER BY ST_DISTANCE(ST_POINT(-87.6847, 41.8319), ST_POINT(«longitude», «latitude»))) AS RANK FROM «GHCN_D».«GHCN_D».«GHCND_STATIONS» WHERE ST_DISTANCE(ST_POINT(-87.6847, 41.8319), ST_P
[compile_fail] sf_bq034 variant[3]
    SQL:       SELECT "id", "name", "state", ST_ASTEXT(ST_POINT("longitude", "latitude")) AS LOC, ST_DISTANCE(CAST(ST_POINT("longitude", "latitude") AS GEOGRAPHY), CAST(ST_POINT(-87.6847, 41.8319) AS GEOGRAPHY)) AS DIST_METERS, ROW_NUM
    CONVERTED: SELECT «id», «name», «state», ST_ASTEXT(ST_POINT(«longitude», «latitude»)) AS LOC, ST_DISTANCE(CAST(ST_POINT(«longitude», «latitude») AS GEOGRAPHY), CAST(ST_POINT(-87.6847, 41.8319) AS GEOGRAPHY)) AS DIST_METERS, ROW_NUM
    ERROR:     Failed to parse SQL query: SELECT «id», «name», «state», ST_ASTEXT(ST_POINT(«longitude», «latitude»)) AS LOC, ST_DISTANCE(CAST(ST_POINT(«longitude», «latitude») AS GEOGRAPHY), CAST(ST_POINT(-87.6847, 41.8319) AS GEOGRAPHY)) AS DIST_METERS, ROW_NUMBER() OVER (ORDER BY ST_DISTANCE(CAST(ST_POINT(«longitude», «latitude») AS GEOGRAPHY), CAST(ST_POINT(-87.6847, 41.8319) AS GEOGRAPHY))) AS RANK FROM «GHC

======================================================================
 UNSUPPORTED CONSTRUCTS (not attempted)
======================================================================

### [204x]  unsupported: LATERAL

[unsupported] sf_bq002 variant[0]  (LATERAL)
    SQL:       WITH base AS (SELECT "date" AS dt, CAST(JSON_EXTRACT_PATH("trafficSource", 'source') AS TEXT) AS ts, SUM(CAST(JSON_EXTRACT_PATH(p.value, 'productRevenue') AS DECIMAL(38, 0))) AS r FROM "GA360"."GOOGLE_ANALYTICS_SAMPLE"."
[unsupported] sf_bq002 variant[1]  (LATERAL)
    SQL:       WITH base AS (SELECT '20170101' AS date_str, CAST(JSON_EXTRACT_PATH("trafficSource", 'source') AS TEXT) AS source, CAST(JSON_EXTRACT_PATH(p.value, 'productRevenue') AS DECIMAL(38, 0)) AS productRevenue FROM "GA360"."GOOG
[unsupported] sf_bq002 variant[2]  (LATERAL)
    SQL:       WITH base_data AS (SELECT t."date" AS session_date, CAST(JSON_EXTRACT_PATH(t."trafficSource", 'source') AS TEXT) AS traffic_source, CAST(JSON_EXTRACT_PATH(p.value, 'productRevenue') AS DECIMAL(38, 0)) AS product_revenue 
[unsupported] sf_bq002 variant[3]  (LATERAL)
    SQL:       WITH base AS (SELECT 'GA_SESSIONS_20170101' AS table_name, "date", "trafficSource", "hits" FROM "GA360"."GOOGLE_ANALYTICS_SAMPLE"."GA_SESSIONS_20170101" UNION ALL SELECT 'GA_SESSIONS_20170102' AS table_name, "date", "tra
[unsupported] sf_bq003 variant[0]  (LATERAL)
    SQL:       WITH all_sessions AS (SELECT "fullVisitorId", "visitId", "date", "totals", "hits" FROM "GA360"."GOOGLE_ANALYTICS_SAMPLE"."GA_SESSIONS_20170401" UNION ALL SELECT "fullVisitorId", "visitId", "date", "totals", "hits" FROM "
[unsupported] sf_bq003 variant[1]  (LATERAL)
    SQL:       WITH all_sessions AS (SELECT "fullVisitorId", "visitId", "date", "totals", "hits" FROM "GA360"."GOOGLE_ANALYTICS_SAMPLE"."GA_SESSIONS_20170401" UNION ALL SELECT "fullVisitorId", "visitId", "date", "totals", "hits" FROM "
[unsupported] sf_bq003 variant[2]  (LATERAL)
    SQL:       WITH all_sessions AS (SELECT "date", "fullVisitorId", "visitId", CAST(JSON_EXTRACT_PATH("totals", 'transactions') AS INT) AS transactions, CAST(JSON_EXTRACT_PATH("totals", 'pageviews') AS INT) AS pageviews, "hits" AS hit
[unsupported] sf_bq004 variant[0]  (LATERAL)
    SQL:       WITH all_purchases AS (SELECT s."fullVisitorId", CAST(JSON_EXTRACT_PATH(p.value, 'v2ProductName') AS TEXT) AS product_name, CAST(JSON_EXTRACT_PATH(p.value, 'productQuantity') AS INT) AS qty FROM "GA360"."GOOGLE_ANALYTICS
[unsupported] sf_bq004 variant[1]  (LATERAL)
    SQL:       WITH all_purchases AS (SELECT s."fullVisitorId", CAST(JSON_EXTRACT_PATH(p.value, 'v2ProductName') AS TEXT) AS product_name, CAST(JSON_EXTRACT_PATH(p.value, 'productQuantity') AS INT) AS product_quantity FROM "GA360"."GOO
[unsupported] sf_bq004 variant[2]  (LATERAL)
    SQL:       WITH all_sessions AS (SELECT "fullVisitorId", "hits" FROM "GA360"."GOOGLE_ANALYTICS_SAMPLE"."GA_SESSIONS_20170701" UNION ALL SELECT "fullVisitorId", "hits" FROM "GA360"."GOOGLE_ANALYTICS_SAMPLE"."GA_SESSIONS_20170702" UN
[unsupported] sf_bq004 variant[3]  (LATERAL)
    SQL:       WITH all_hits AS (SELECT "fullVisitorId", CAST(JSON_EXTRACT_PATH(h.value, 'eCommerceAction', 'action_type') AS TEXT) AS action_type, CAST(JSON_EXTRACT_PATH(p.value, 'v2ProductName') AS TEXT) AS v2ProductName, CAST(JSON_E
[unsupported] sf_bq008 variant[0]  (LATERAL)
    SQL:       WITH all_sessions AS (SELECT "fullVisitorId", "visitId", "trafficSource", "hits" FROM "GA360"."GOOGLE_ANALYTICS_SAMPLE"."GA_SESSIONS_20170101" UNION ALL SELECT "fullVisitorId", "visitId", "trafficSource", "hits" FROM "GA
[unsupported] sf_bq008 variant[1]  (LATERAL)
    SQL:       WITH all_sessions AS (SELECT "fullVisitorId", "visitId", "trafficSource", "hits" FROM "GA360"."GOOGLE_ANALYTICS_SAMPLE"."GA_SESSIONS_20170101" WHERE CAST(JSON_EXTRACT_PATH("trafficSource", 'campaign') AS TEXT) LIKE '%Dat
[unsupported] sf_bq008 variant[2]  (LATERAL)
    SQL:       WITH all_sessions AS (SELECT "fullVisitorId", "visitId", "trafficSource", "hits" FROM "GA360"."GOOGLE_ANALYTICS_SAMPLE"."GA_SESSIONS_20170101" UNION ALL SELECT "fullVisitorId", "visitId", "trafficSource", "hits" FROM "GA
[unsupported] sf_bq010 variant[0]  (LATERAL)
    SQL:       WITH all_sessions AS (SELECT "fullVisitorId", "hits" FROM "GA360"."GOOGLE_ANALYTICS_SAMPLE"."GA_SESSIONS_20170701" UNION ALL SELECT "fullVisitorId", "hits" FROM "GA360"."GOOGLE_ANALYTICS_SAMPLE"."GA_SESSIONS_20170702" UN
[unsupported] sf_bq010 variant[1]  (LATERAL)
    SQL:       WITH all_purchases AS (SELECT "fullVisitorId", CAST(JSON_EXTRACT_PATH(p.value, 'v2ProductName') AS TEXT) AS product_name, CAST(JSON_EXTRACT_PATH(p.value, 'productQuantity') AS DECIMAL(38, 0)) AS quantity FROM "GA360"."GO
[unsupported] sf_bq010 variant[2]  (LATERAL)
    SQL:       WITH all_purchases AS (SELECT s."fullVisitorId", CAST(JSON_EXTRACT_PATH(p.value, 'v2ProductName') AS TEXT) AS product_name, CAST(JSON_EXTRACT_PATH(p.value, 'productQuantity') AS INT) AS product_quantity, CAST(JSON_EXTRAC
[unsupported] sf_bq010 variant[3]  (LATERAL)
    SQL:       WITH all_data AS (SELECT "fullVisitorId", CAST(JSON_EXTRACT_PATH(h.value, 'eCommerceAction', 'action_type') AS TEXT) AS action_type, CAST(JSON_EXTRACT_PATH(p.value, 'v2ProductName') AS TEXT) AS product_name, CAST(JSON_EX
[unsupported] sf_bq011 variant[0]  (LATERAL)
    SQL:       WITH users_7day AS (/* Users with positive engagement time in 7-day period (Jan 1-7, 2021) */ SELECT DISTINCT USER_PSEUDO_ID FROM (SELECT USER_PSEUDO_ID FROM "GA4"."GA4_OBFUSCATED_SAMPLE_ECOMMERCE"."EVENTS_20210101", LAT
[unsupported] sf_bq011 variant[1]  (LATERAL)
    SQL:       /* Users with positive engagement time in 7-day window (Jan 1-7) but NOT in 2-day window (Jan 6-7) */ WITH seven_day_users AS (SELECT DISTINCT "USER_PSEUDO_ID" FROM (SELECT "USER_PSEUDO_ID", CAST(JSON_EXTRACT_PATH(ep.val
[unsupported] sf_bq011 variant[2]  (LATERAL)
    SQL:       /* Users with positive engagement_time_msec in 7-day period (Jan 1-7, 2021) */ /* but NO positive engagement_time_msec in 2-day period (Jan 6-7, 2021) */ WITH seven_day_users AS (SELECT DISTINCT USER_PSEUDO_ID FROM (SELE
[unsupported] sf_bq011 variant[3]  (LATERAL)
    SQL:       SELECT COUNT(DISTINCT seven_day."USER_PSEUDO_ID") AS num_users FROM (SELECT e."USER_PSEUDO_ID", CAST(JSON_EXTRACT_PATH(ep.value, 'value', 'int_value') AS INT) AS engagement_time_msec FROM "GA4"."GA4_OBFUSCATED_SAMPLE_ECO
[unsupported] sf_bq015 variant[0]  (LATERAL)
    SQL:       WITH mentions AS (SELECT CAST(REGEXP_EXTRACT("text", 'stackoverflow\.com/questions/([0-9]+)', 1, 1, 'e', 1) AS INT) AS question_id FROM "STACKOVERFLOW_PLUS"."HACKERNEWS"."COMMENTS" WHERE "text" LIKE '%stackoverflow.com/q
[unsupported] sf_bq015 variant[1]  (LATERAL)
    SQL:       WITH question_mentions AS (SELECT CAST(REGEXP_EXTRACT("text", 'stackoverflow\.com/questions/([0-9]+)', 1, 1, 'e', 1) AS DECIMAL(38, 0)) AS so_id, COUNT(*) AS mention_count FROM "STACKOVERFLOW_PLUS"."HACKERNEWS"."COMMENTS
[unsupported] sf_bq015 variant[2]  (LATERAL)
    SQL:       WITH hn_so_refs AS (SELECT REGEXP_EXTRACT("text", 'stackoverflow\.com/questions/([0-9]+)', 1, 1, 'i', 1) AS question_id, COUNT(*) AS mention_count FROM "STACKOVERFLOW_PLUS"."HACKERNEWS"."COMMENTS" WHERE LOWER("text") LIK
[unsupported] sf_bq015 variant[3]  (LATERAL)
    SQL:       WITH so_questions_in_hn AS (/* Extract SO question IDs from HN comments on or after 2014 */ SELECT CAST(REGEXP_EXTRACT("text", 'stackoverflow\.com/questions/([0-9]+)', 1, 1, 'e', 1) AS INT) AS so_question_id FROM "STACKO
[unsupported] sf_bq027 variant[0]  (LATERAL)
    SQL:       SELECT p."publication_number" AS "publication_number", COUNT(CASE WHEN CAST(JSON_EXTRACT_PATH(f.value, 'category') AS TEXT) = 'SEA' THEN 1 END) AS "SEA_BACKWARD_CITATIONS" FROM "PATENTS"."PATENTS"."PUBLICATIONS" AS p LEF
[unsupported] sf_bq027 variant[1]  (LATERAL)
    SQL:       SELECT p."publication_number", COALESCE(sea."SEA_BACKWARD_CITATIONS", 0) AS "SEA_BACKWARD_CITATIONS" FROM "PATENTS"."PATENTS"."PUBLICATIONS" AS p LEFT JOIN (SELECT p2."publication_number", COUNT(*) AS "SEA_BACKWARD_CITAT
[unsupported] sf_bq027 variant[2]  (LATERAL)
    SQL:       SELECT p."publication_number" AS "publication_number", COUNT(CASE WHEN CAST(JSON_EXTRACT_PATH(f.value, 'category') AS TEXT) = 'SEA' THEN 1 END) AS "SEA_BACKWARD_CITATIONS" FROM "PATENTS"."PATENTS"."PUBLICATIONS" AS p LEF
[unsupported] sf_bq036 variant[0]  (LATERAL)
    SQL:       SELECT CAST(COUNT(*) AS DOUBLE PRECISION) / 12.0 AS AVG_MONTHLY_COMMITS FROM "GITHUB_REPOS"."GITHUB_REPOS"."SAMPLE_COMMITS" AS c INNER JOIN (SELECT DISTINCT l."repo_name" FROM "GITHUB_REPOS"."GITHUB_REPOS"."LANGUAGES" AS
[unsupported] sf_bq036 variant[1]  (LATERAL)
    SQL:       /* Average number of GitHub commits per month in 2016 for repositories containing Python code */ /* "Per month" = total commits in 2016 / 12 (all months of the year, not just months with data) */ SELECT CAST(COUNT(*) AS 
[unsupported] sf_bq036 variant[2]  (LATERAL)
    SQL:       WITH python_repos AS (SELECT DISTINCT l."repo_name" FROM "GITHUB_REPOS"."GITHUB_REPOS"."LANGUAGES" AS l, LATERAL UNNEST(input => l."language") AS f(SEQ, KEY, PATH, INDEX, VALUE, THIS) WHERE CAST(JSON_EXTRACT_PATH(f.value
[unsupported] sf_bq056 variant[0]  (LATERAL)
    SQL:       WITH bridge_ways AS (SELECT DISTINCT w."id" FROM "GEO_OPENSTREETMAP_BOUNDARIES"."GEO_OPENSTREETMAP"."PLANET_WAYS" AS w, LATERAL UNNEST(input => w."all_tags") AS t(SEQ, KEY, PATH, INDEX, VALUE, THIS) WHERE CAST(JSON_EXTRA
[unsupported] sf_bq056 variant[1]  (LATERAL)
    SQL:       /* Find distinct pairs of highway ways in California that: */ /* 1. Are tagged as highway (motorway, trunk, primary, secondary, residential) */ /* 2. Geometrically overlap (ST_INTERSECTS) */ /* 3. Do NOT share any nodes 
[unsupported] sf_bq056 variant[2]  (LATERAL)
    SQL:       WITH highway_ways AS (SELECT DISTINCT w."id", CAST(w."geometry" AS GEOGRAPHY) AS geog, w."nodes" FROM "GEO_OPENSTREETMAP_BOUNDARIES"."GEO_OPENSTREETMAP"."PLANET_WAYS" AS w, LATERAL UNNEST(input => w."all_tags") AS t(SEQ,
[unsupported] sf_bq056 variant[3]  (LATERAL)
    SQL:       WITH california AS (SELECT CAST("state_geom" AS GEOGRAPHY) AS geom FROM "GEO_OPENSTREETMAP_BOUNDARIES"."GEO_US_BOUNDARIES"."STATES" WHERE "state_name" = 'California'), highway_tagged /* Get ways with highway tags of inte
[unsupported] sf_bq062 variant[0]  (LATERAL)
    SQL:       WITH license_counts AS (SELECT "System", CAST(f.value AS TEXT) AS "License", COUNT(DISTINCT "Name") AS package_count FROM "DEPS_DEV_V1"."DEPS_DEV_V1"."PACKAGEVERSIONS", LATERAL UNNEST(input => "Licenses") AS f(SEQ, KEY, 
[unsupported] sf_bq062 variant[1]  (LATERAL)
    SQL:       WITH license_counts AS (SELECT "System", CAST(lic.VALUE AS TEXT) AS "License", COUNT(DISTINCT "Name") AS pkg_count FROM "DEPS_DEV_V1"."DEPS_DEV_V1"."PACKAGEVERSIONS", LATERAL UNNEST(input => "Licenses") AS lic(SEQ, KEY, 
[unsupported] sf_bq062 variant[2]  (LATERAL)
    SQL:       WITH license_counts AS (SELECT "System", CAST(f.VALUE AS TEXT) AS "License", COUNT(DISTINCT "Name") AS pkg_count FROM "DEPS_DEV_V1"."DEPS_DEV_V1"."PACKAGEVERSIONS", LATERAL UNNEST(input => "Licenses") AS f(SEQ, KEY, PATH
[unsupported] sf_bq065 variant[0]  (LATERAL)
    SQL:       WITH top_requests AS (SELECT "block_timestamp", "oracle_request_id", "decoded_result" FROM "CRYPTO"."CRYPTO_BAND"."ORACLE_REQUESTS" WHERE JSON_EXTRACT_PATH("request", 'oracle_script_id') = 3 ORDER BY "block_timestamp" DE
[unsupported] sf_bq065 variant[1]  (LATERAL)
    SQL:       WITH top_requests AS (SELECT "block_timestamp", "oracle_request_id", "decoded_result" FROM "CRYPTO"."CRYPTO_BAND"."ORACLE_REQUESTS" WHERE CAST(JSON_EXTRACT_PATH("request", 'oracle_script_id') AS INT) = 3 ORDER BY "block_
[unsupported] sf_bq065 variant[2]  (LATERAL)
    SQL:       WITH top10 AS (SELECT "block_timestamp", "oracle_request_id", CAST(JSON_EXTRACT_PATH("decoded_result", 'calldata') AS JSON) AS calldata, CAST(JSON_EXTRACT_PATH("decoded_result", 'result') AS JSON) AS result_obj FROM "CRY
[unsupported] sf_bq065 variant[3]  (LATERAL)
    SQL:       WITH top10_requests AS (SELECT "oracle_request_id", "block_timestamp", "decoded_result" FROM "CRYPTO"."CRYPTO_BAND"."ORACLE_REQUESTS" WHERE CAST(JSON_EXTRACT_PATH("request", 'oracle_script_id') AS INT) = 3 ORDER BY "bloc
[unsupported] sf_bq090 variant[0]  (LATERAL)
    SQL:       WITH long_trades AS (SELECT CASE WHEN CAST(JSON_EXTRACT_PATH(p.value, 'PartyID') AS VARCHAR) LIKE 'LUCKY%' THEN 'feeling-lucky' WHEN CAST(JSON_EXTRACT_PATH(p.value, 'PartyID') AS VARCHAR) LIKE 'MOMO%' THEN 'momentum' END
[unsupported] sf_bq090 variant[1]  (LATERAL)
    SQL:       SELECT AVG(CASE WHEN t."TargetCompID" LIKE 'LUCKY%' THEN GREATEST(t."LastPx" - t."StrikePrice", 0) END) - AVG(CASE WHEN t."TargetCompID" LIKE 'MOMO%' THEN GREATEST(t."LastPx" - t."StrikePrice", 0) END) AS DIFF FROM "CYMB
[unsupported] sf_bq095 variant[0]  (LATERAL)
    SQL:       SELECT k."approvedSymbol" AS TARGET_SYMBOL, m."name" AS DRUG_NAME, CAST(JSON_EXTRACT_PATH(f.value, 'element', 'url') AS TEXT) AS CLINICAL_TRIAL_REFERENCE_URL FROM "OPEN_TARGETS_PLATFORM_1"."PLATFORM"."KNOWNDRUGSAGGREGATE
[unsupported] sf_bq095 variant[2]  (LATERAL)
    SQL:       SELECT "approvedSymbol" AS "TARGET_SYMBOL", "prefName" AS "DRUG_NAME", CAST(JSON_EXTRACT_PATH(f.value, 'element', 'url') AS VARCHAR) AS "CLINICAL_TRIAL_REFERENCE_URL" FROM "OPEN_TARGETS_PLATFORM_1"."PLATFORM"."KNOWNDRUGS
[unsupported] sf_bq100 variant[0]  (LATERAL)
    SQL:       /* sf_bq100: Top 10 most frequently used packages from Go import statements */ /* Approach: Extract import blocks enclosed in parentheses, split by newlines, */ /* extract double-quoted package names, count frequency, re
[unsupported] sf_bq100 variant[1]  (LATERAL)
    SQL:       WITH import_blocks AS (SELECT REGEXP_EXTRACT("content", 'import \(([^)]+)\)', 1, 1, 's', 1) AS import_block FROM "GITHUB_REPOS"."GITHUB_REPOS"."SAMPLE_CONTENTS" WHERE "content" LIKE '%import (%'), split_lines AS (SELECT 
[unsupported] sf_bq100 variant[2]  (LATERAL)
    SQL:       WITH import_blocks AS (SELECT REGEXP_EXTRACT("content", 'import \([^)]*\)', 1, 1, 's', 0) AS block FROM "GITHUB_REPOS"."GITHUB_REPOS"."SAMPLE_CONTENTS" WHERE "content" LIKE '%import (%'), split_lines AS (SELECT TRIM(CAST
[unsupported] sf_bq100 variant[3]  (LATERAL)
    SQL:       WITH import_blocks AS (SELECT REGEXP_EXTRACT("content", 'import \(([^)]+)\)', 1, 1, 'es', 1) AS import_block FROM "GITHUB_REPOS"."GITHUB_REPOS"."SAMPLE_CONTENTS" WHERE "content" LIKE '%import (%'), lines AS (SELECT TRIM(
[unsupported] sf_bq101 variant[0]  (LATERAL)
    SQL:       SELECT package_name AS "PACKAGE_NAME", COUNT(*) AS "IMPORT_COUNT" FROM (SELECT CASE WHEN TRIM(value) LIKE 'import static %' THEN REGEXP_REPLACE(REGEXP_REPLACE(REGEXP_REPLACE(TRIM(value), '^import\s+static\s+', '', 'g'), 
[unsupported] sf_bq101 variant[1]  (LATERAL)
    SQL:       WITH java_imports AS (SELECT TRIM(CAST(line.VALUE AS TEXT)) AS import_line FROM "GITHUB_REPOS"."GITHUB_REPOS"."SAMPLE_CONTENTS" AS c, LATERAL UNNEST(INPUT => SPLIT(c."content", ' ')) AS line(SEQ, KEY, PATH, INDEX, VALUE,
[unsupported] sf_bq103 variant[0]  (LATERAL)
    SQL:       WITH variant_stats AS (SELECT COUNT(*) AS num_variants, SUM(CAST(JSON_EXTRACT_PATH(alt.value, 'AC') AS INT)) AS sum_ac, SUM(CAST("AN" AS INT)) AS sum_an FROM "GNOMAD"."GNOMAD"."V3_GENOMES__CHR1", LATERAL UNNEST(input => 
[unsupported] sf_bq103 variant[1]  (LATERAL)
    SQL:       WITH variant_data AS (SELECT t."start_position", t."AN", CAST(JSON_EXTRACT_PATH(f.value, 'AC') AS INT) AS "AC", JSON_EXTRACT_PATH(f.value, 'vep') AS vep_array FROM "GNOMAD"."GNOMAD"."V3_GENOMES__CHR1" AS t, LATERAL UNNES
[unsupported] sf_bq103 variant[2]  (LATERAL)
    SQL:       WITH variant_stats AS (SELECT COUNT(*) AS NUM_VARIANTS, SUM(CAST(JSON_EXTRACT_PATH(ab.value, 'AC') AS INT)) AS SUM_AC, SUM(t."AN") AS SUM_AN FROM "GNOMAD"."GNOMAD"."V3_GENOMES__CHR1" AS t, LATERAL UNNEST(input => t."alte
[unsupported] sf_bq103 variant[3]  (LATERAL)
    SQL:       WITH region_variants AS (SELECT t."reference_name", t."start_position", t."end_position", t."reference_bases", t."AN", CAST(JSON_EXTRACT_PATH(ab.value, 'alt') AS TEXT) AS alt_allele, CAST(JSON_EXTRACT_PATH(ab.value, 'AC'
[unsupported] sf_bq107 variant[0]  (LATERAL)
    SQL:       WITH longest_ref AS (SELECT "name" AS REFERENCE_NAME, "length" AS REFERENCE_LENGTH FROM "GENOMICS_CANNABIS"."GENOMICS_CANNABIS"."MNPR01_REFERENCE_201703" ORDER BY "length" DESC LIMIT 1), variant_with_gt AS (SELECT v."ref
[unsupported] sf_bq107 variant[1]  (LATERAL)
    SQL:       /* Variant density for the longest reference in MNPR01 */ /* Variant density = number of variants / reference length */ /* A variant is present if at least one call has genotype > 0 */ WITH longest_ref AS (SELECT "name",
[unsupported] sf_bq107 variant[2]  (LATERAL)
    SQL:       WITH variants_with_call AS (SELECT DISTINCT v."reference_name", v."start", v."end" FROM "GENOMICS_CANNABIS"."GENOMICS_CANNABIS"."MNPR01_201703" AS v, LATERAL UNNEST(input => v."call") AS f(SEQ, KEY, PATH, INDEX, VALUE, T
[unsupported] sf_bq107 variant[3]  (LATERAL)
    SQL:       WITH longest_ref AS (SELECT "name", "length" FROM "GENOMICS_CANNABIS"."GENOMICS_CANNABIS"."MNPR01_REFERENCE_201703" ORDER BY "length" DESC LIMIT 1), variants_on_longest AS (SELECT DISTINCT v."reference_name", v."start", 
[unsupported] sf_bq131 variant[0]  (LATERAL)
    SQL:       WITH denmark AS (SELECT ST_COLLECT(CAST("geometry" AS GEOGRAPHY)) AS geom FROM "GEO_OPENSTREETMAP"."GEO_OPENSTREETMAP"."PLANET_FEATURES" AS pf, LATERAL UNNEST(input => pf."all_tags") AS tag(SEQ, KEY, PATH, INDEX, VALUE, 
[unsupported] sf_bq131 variant[1]  (LATERAL)
    SQL:       WITH denmark AS (SELECT CAST("geometry" AS GEOGRAPHY) AS geo FROM "GEO_OPENSTREETMAP"."GEO_OPENSTREETMAP"."PLANET_FEATURES" WHERE "osm_id" = 50046), bus_stops_with_network AS (SELECT bs."osm_id", CAST(JSON_EXTRACT_PATH(n
[unsupported] sf_bq131 variant[2]  (LATERAL)
    SQL:       SELECT CAST(JSON_EXTRACT_PATH(t_net.value, 'value') AS TEXT) AS network, COUNT(*) AS bus_stop_count FROM "GEO_OPENSTREETMAP"."GEO_OPENSTREETMAP"."PLANET_FEATURES_POINTS" AS p, LATERAL UNNEST(input => p."all_tags") AS t_h
[unsupported] sf_bq131 variant[3]  (LATERAL)
    SQL:       WITH denmark AS (SELECT CAST("geometry" AS GEOGRAPHY) AS geog FROM "GEO_OPENSTREETMAP"."GEO_OPENSTREETMAP"."PLANET_FEATURES" WHERE "feature_type" = 'multipolygons' AND "osm_id" = 50046), bus_stops AS (SELECT p."osm_id", 
[unsupported] sf_bq180 variant[0]  (LATERAL)
    SQL:       WITH python_imports AS (SELECT COALESCE(REGEXP_EXTRACT(TRIM(LEADING ' 	' FROM CAST(f.value AS TEXT)), '^import\s+(\w+)', 1, 1, 'e', 0), REGEXP_EXTRACT(TRIM(LEADING ' 	' FROM CAST(f.value AS TEXT)), '^from\s+(\w+)', 1, 1,
[unsupported] sf_bq180 variant[1]  (LATERAL)
    SQL:       WITH py_import AS (SELECT TRIM(CAST(module.VALUE AS TEXT)) AS module_name FROM "GITHUB_REPOS"."GITHUB_REPOS"."SAMPLE_CONTENTS", LATERAL UNNEST(REGEXP_EXTRACT_ALL("content", '^\s*import\s+([a-zA-Z_][a-zA-Z0-9_]*)', 1, 'me
[unsupported] sf_bq194 variant[0]  (LATERAL)
    SQL:       WITH python_import_lines AS (SELECT TRIM(line.VALUE) AS line_content FROM GITHUB_REPOS.GITHUB_REPOS.SAMPLE_CONTENTS AS sc, LATERAL SPLIT_TO_TABLE(sc."content", ' ') AS line WHERE sc."binary" = FALSE AND (sc."sample_path"
[unsupported] sf_bq194 variant[1]  (LATERAL)
    SQL:       WITH python_ipynb_imports AS (SELECT CAST(f.VALUE AS TEXT) AS lib FROM "GITHUB_REPOS"."GITHUB_REPOS"."SAMPLE_CONTENTS" AS sc, LATERAL UNNEST(input => REGEXP_EXTRACT_ALL(sc."content", 'import\s+([a-zA-Z0-9_]+)', 1, 'ce', 
[unsupported] sf_bq194 variant[2]  (LATERAL)
    SQL:       WITH file_lines AS (SELECT TRIM(f.value) AS line, c."sample_path" FROM "GITHUB_REPOS"."GITHUB_REPOS"."SAMPLE_CONTENTS" AS c, LATERAL UNNEST(input => SPLIT(c."content", ' ')) AS f(SEQ, KEY, PATH, INDEX, VALUE, THIS) WHERE
[unsupported] sf_bq194 variant[3]  (LATERAL)
    SQL:       WITH raw_lines AS (SELECT "sample_path", "sample_repo_name", TRIM(CAST(f.value AS TEXT)) AS line FROM "GITHUB_REPOS"."GITHUB_REPOS"."SAMPLE_CONTENTS", LATERAL SPLIT_TO_TABLE("content", ' ') AS f WHERE ("sample_path" LIKE
[unsupported] sf_bq212 variant[0]  (LATERAL)
    SQL:       WITH ipc_expanded AS (SELECT p."publication_number", SUBSTRING(CAST(JSON_EXTRACT_PATH(f.value, 'code') AS TEXT) FROM 1 FOR 4) AS IPC4 FROM "PATENTS"."PATENTS"."PUBLICATIONS" AS p, LATERAL UNNEST(input => p."ipc") AS f(SE
[unsupported] sf_bq212 variant[1]  (LATERAL)
    SQL:       WITH patent_ipc AS (SELECT p."publication_number", LEFT(CAST(JSON_EXTRACT_PATH(f.value, 'code') AS TEXT), 4) AS IPC4, COUNT(*) AS ipc4_count FROM "PATENTS"."PATENTS"."PUBLICATIONS" AS p, LATERAL UNNEST(input => p."ipc") 
[unsupported] sf_bq212 variant[2]  (LATERAL)
    SQL:       WITH ipc_counts AS (SELECT p."publication_number", SUBSTRING(CAST(JSON_EXTRACT_PATH(f.value, 'code') AS TEXT) FROM 1 FOR 4) AS IPC4, COUNT(*) AS ipc4_count FROM "PATENTS"."PATENTS"."PUBLICATIONS" AS p, LATERAL UNNEST(inp
[unsupported] sf_bq212 variant[3]  (LATERAL)
    SQL:       WITH patent_ipc AS (SELECT p."publication_number", LEFT(CAST(JSON_EXTRACT_PATH(f.value, 'code') AS TEXT), 4) AS IPC4 FROM "PATENTS"."PATENTS"."PUBLICATIONS" AS p, LATERAL UNNEST(input => p."ipc") AS f(SEQ, KEY, PATH, IND
[unsupported] sf_bq214 variant[0]  (LATERAL)
    SQL:       /* Step 1: Identify US B2 utility patents granted 2010-2014 */ WITH target_patents AS (SELECT p."publication_number", p."filing_date", p."grant_date" FROM "PATENTS_GOOGLE"."PATENTS_GOOGLE"."PUBLICATIONS" AS p WHERE p."co
[unsupported] sf_bq214 variant[1]  (LATERAL)
    SQL:       /* Step 1: Find US utility patents with B2 classification granted between 2010 and 2014 */ /* Step 2: Count forward citations within a month of each patent's filing date */ /* Step 3: Find the patent with the most such f
[unsupported] sf_bq214 variant[2]  (LATERAL)
    SQL:       /* Find US B2 patent granted 2010-2014 with most forward citations within a month of filing date */ /* Then find the most similar patent from the same filing year using embedding dot product */ WITH focal_patents AS (/* 
[unsupported] sf_bq215 variant[0]  (LATERAL)
    SQL:       WITH backward_citations AS (/* Get all backward citations for US B2 patents with grant date 2015-2018 */ SELECT p1."publication_number" AS citing_patent, CAST(JSON_EXTRACT_PATH(c.value, 'publication_number') AS TEXT) AS 
[unsupported] sf_bq215 variant[1]  (LATERAL)
    SQL:       WITH us_b2_patents AS (SELECT "publication_number" FROM "PATENTS"."PATENTS"."PUBLICATIONS" WHERE "country_code" = 'US' AND "kind_code" = 'B2' AND "grant_date" >= 20150101 AND "grant_date" <= 20181231), focal_citations AS
[unsupported] sf_bq215 variant[2]  (LATERAL)
    SQL:       /* Patent originality score: find the US B2 patent (2015-2018) with the highest originality */ /* Originality = 1 - SUM((n_k/N)^2) where n_k = citations in IPC class k, N = total citations */ WITH focal_citations AS (SEL
[unsupported] sf_bq217 variant[0]  (LATERAL)
    SQL:       WITH js_repos AS (SELECT DISTINCT l."repo_name" FROM "GITHUB_REPOS_DATE"."GITHUB_REPOS"."LANGUAGES" AS l, LATERAL UNNEST(input => l."language") AS f(SEQ, KEY, PATH, INDEX, VALUE, THIS) WHERE CAST(JSON_EXTRACT_PATH(f.valu
[unsupported] sf_bq217 variant[1]  (LATERAL)
    SQL:       SELECT COUNT(*) AS TOTAL_PULL_REQUESTS FROM "GITHUB_REPOS_DATE"."DAY"."_20230118" AS e JOIN "GITHUB_REPOS_DATE"."GITHUB_REPOS"."LANGUAGES" AS l ON CAST(JSON_EXTRACT_PATH(e."repo", 'name') AS TEXT) = l."repo_name", LATERA
[unsupported] sf_bq217 variant[2]  (LATERAL)
    SQL:       SELECT COUNT(*) AS "TOTAL_PULL_REQUESTS" FROM "GITHUB_REPOS_DATE"."DAY"."_20230118" AS d JOIN (SELECT DISTINCT l."repo_name" FROM "GITHUB_REPOS_DATE"."GITHUB_REPOS"."LANGUAGES" AS l, LATERAL UNNEST(input => l."language")
[unsupported] sf_bq217 variant[3]  (LATERAL)
    SQL:       SELECT COUNT(*) AS TOTAL_PULL_REQUESTS FROM "GITHUB_REPOS_DATE"."DAY"."_20230118" AS e INNER JOIN (SELECT DISTINCT "repo_name" FROM "GITHUB_REPOS_DATE"."GITHUB_REPOS"."LANGUAGES", LATERAL UNNEST(input => CAST("language" 
[unsupported] sf_bq251 variant[0]  (LATERAL)
    SQL:       WITH latest_versions AS (/* For packages with multiple versions, use only the most recent version based on upload time */ SELECT "name", "version", "project_urls", "upload_time", ROW_NUMBER() OVER (PARTITION BY "name" OR
[unsupported] sf_bq251 variant[1]  (LATERAL)
    SQL:       WITH latest_versions AS (/* Get the most recent version per package using upload_time */ SELECT "name", "version", "project_urls", ROW_NUMBER() OVER (PARTITION BY "name" ORDER BY "upload_time" DESC) AS rn FROM "PYPI"."PY
[unsupported] sf_bq251 variant[2]  (LATERAL)
    SQL:       WITH latest_versions AS (/* Get the latest version per package */ SELECT "name", "version", "project_urls", "upload_time", ROW_NUMBER() OVER (PARTITION BY "name" ORDER BY "upload_time" DESC) AS rn FROM "PYPI"."PYPI"."DIS
[unsupported] sf_bq251 variant[3]  (LATERAL)
    SQL:       WITH downloads AS (SELECT "project", COUNT(*) AS download_count FROM "PYPI"."PYPI"."FILE_DOWNLOADS" GROUP BY "project"), github_urls AS (SELECT DISTINCT dm."name", REGEXP_EXTRACT(TRIM(SPLIT_PART(CAST(f.value AS TEXT), ',
[unsupported] sf_bq253 variant[0]  (LATERAL)
    SQL:       /* Step 1: Get Q1095 geometry */ WITH q1095 AS (SELECT CAST(p."geometry" AS GEOGRAPHY) AS geom FROM "GEO_OPENSTREETMAP"."GEO_OPENSTREETMAP"."PLANET_FEATURES" AS p, LATERAL UNNEST(INPUT => p."all_tags") AS f(SEQ, KEY, PAT
[unsupported] sf_bq253 variant[1]  (LATERAL)
    SQL:       /* Step 1: Get Q1095 geometry */ /* Step 2: Find all features in Q1095 area */ /* Step 3: Identify candidate relations (name, no wikidata) among them */ /* Step 4: For each candidate, count nearby features and check wiki
[unsupported] sf_bq253 variant[2]  (LATERAL)
    SQL:       WITH q1095_geom AS (/* Get the geometry of the multipolygon tagged with wikidata Q1095 */ SELECT CAST("geometry" AS GEOGRAPHY) AS geog FROM "GEO_OPENSTREETMAP"."GEO_OPENSTREETMAP"."PLANET_FEATURES" AS pf, LATERAL UNNEST(
[unsupported] sf_bq270 variant[0]  (LATERAL)
    SQL:       WITH product_counts AS (SELECT '201701' AS MONTH, CAST(JSON_EXTRACT_PATH(f.value, 'eCommerceAction', 'action_type') AS TEXT) AS action_type FROM "GA360"."GOOGLE_ANALYTICS_SAMPLE"."GA_SESSIONS_20170101", LATERAL UNNEST(in
[unsupported] sf_bq270 variant[1]  (LATERAL)
    SQL:       WITH all_hits AS (SELECT t."date", CAST(JSON_EXTRACT_PATH(f.value, 'eCommerceAction', 'action_type') AS TEXT) AS action_type FROM "GA360"."GOOGLE_ANALYTICS_SAMPLE"."GA_SESSIONS_20170101" AS t, LATERAL UNNEST(input => t."
[unsupported] sf_bq270 variant[2]  (LATERAL)
    SQL:       WITH all_sessions AS (SELECT "date", "hits" FROM "GA360"."GOOGLE_ANALYTICS_SAMPLE"."GA_SESSIONS_20170101" UNION ALL SELECT "date", "hits" FROM "GA360"."GOOGLE_ANALYTICS_SAMPLE"."GA_SESSIONS_20170102" UNION ALL SELECT "da
[unsupported] sf_bq292 variant[0]  (LATERAL)
    SQL:       WITH coinjoin_txns AS (SELECT DISTINCT t."hash", t."block_timestamp_month", t."input_count", t."output_count", t."input_value", t."output_value" FROM "CRYPTO"."CRYPTO_BITCOIN"."TRANSACTIONS" AS t, LATERAL UNNEST(input =>
[unsupported] sf_bq292 variant[1]  (LATERAL)
    SQL:       WITH coinjoin_tx AS (SELECT t."hash", t."block_timestamp_month" FROM "CRYPTO"."CRYPTO_BITCOIN"."TRANSACTIONS" AS t, LATERAL UNNEST(input => t."outputs") AS f(SEQ, KEY, PATH, INDEX, VALUE, THIS) WHERE t."block_timestamp_m
[unsupported] sf_bq292 variant[2]  (LATERAL)
    SQL:       /* CoinJoin analysis for Bitcoin transactions since July 2023 */ /* CoinJoin: >2 outputs, output_value <= input_value, multiple identical-value outputs */ /* Metrics: tx_percent, utxos_percent, value_percent per month */
[unsupported] sf_bq292 variant[3]  (LATERAL)
    SQL:       WITH coinjoin_txs AS (/* Identify CoinJoin transactions: >2 outputs, output_value <= input_value, */ /* and at least two outputs with the same value (excluding 0) */ SELECT DISTINCT t."hash" FROM "CRYPTO"."CRYPTO_BITCOIN
[unsupported] sf_bq304 variant[0]  (LATERAL)
    SQL:       WITH tagged_questions AS (SELECT q."id", q."title" AS TITLE, q."view_count" AS VIEW_COUNT, CAST(t.value AS TEXT) AS TAG FROM "STACKOVERFLOW"."STACKOVERFLOW"."POSTS_QUESTIONS" AS q, LATERAL SPLIT_TO_TABLE(q."tags", '|') A
[unsupported] sf_bq304 variant[1]  (LATERAL)
    SQL:       WITH filtered AS (SELECT "id", "tags", "view_count", "title" FROM "STACKOVERFLOW"."STACKOVERFLOW"."POSTS_QUESTIONS" WHERE (LOWER("title") LIKE '%how%' OR LOWER("body") LIKE '%how%') AND NOT (LOWER("title") LIKE '%fail%' 
[unsupported] sf_bq304 variant[3]  (LATERAL)
    SQL:       WITH android_tags AS (SELECT 'android-layout' AS tag UNION ALL SELECT 'android-activity' UNION ALL SELECT 'android-intent' UNION ALL SELECT 'android-fragments' UNION ALL SELECT 'android-actionbar' UNION ALL SELECT 'andro
[unsupported] sf_bq324 variant[0]  (LATERAL)
    SQL:       WITH eosin_images AS (SELECT DISTINCT d."SOPInstanceUID" FROM "IDC"."IDC_V17"."DICOM_ALL" AS d, LATERAL UNNEST(input => d."SpecimenDescriptionSequence") AS sds(SEQ, KEY, PATH, INDEX, VALUE, THIS), LATERAL UNNEST(input =>
[unsupported] sf_bq324 variant[1]  (LATERAL)
    SQL:       SELECT SUM(CAST("NumberOfFrames" AS INT)) AS total_frames FROM (SELECT DISTINCT "SOPInstanceUID", "NumberOfFrames" FROM "IDC"."IDC_V17"."DICOM_ALL", LATERAL UNNEST(input => "SpecimenDescriptionSequence") AS f0(SEQ, KEY, 
[unsupported] sf_bq324 variant[3]  (LATERAL)
    SQL:       WITH eosin_sops AS (SELECT DISTINCT d."SOPInstanceUID" FROM "IDC"."IDC_V17"."DICOM_ALL" AS d, LATERAL UNNEST(input => d."SpecimenDescriptionSequence") AS sd(SEQ, KEY, PATH, INDEX, VALUE, THIS), LATERAL UNNEST(input => JS
[unsupported] sf_bq335 variant[0]  (LATERAL)
    SQL:       WITH all_txns AS (/* Combine inputs and outputs with flattened addresses */ SELECT CAST(f.VALUE AS TEXT) AS address, TO_TIMESTAMP(CAST(i."block_timestamp" AS DOUBLE PRECISION) / POWER(10, 6)) AS ts, i."value" FROM "CRYPT
[unsupported] sf_bq335 variant[1]  (LATERAL)
    SQL:       WITH all_addr AS (SELECT CAST(f.VALUE AS TEXT) AS address, "block_timestamp", "value" FROM "CRYPTO"."CRYPTO_BITCOIN"."INPUTS", LATERAL UNNEST(INPUT => "addresses") AS f(SEQ, KEY, PATH, INDEX, VALUE, THIS) WHERE "block_ti
[unsupported] sf_bq335 variant[2]  (LATERAL)
    SQL:       WITH all_addresses AS (/* Addresses from OUTPUTS in October 2017 */ SELECT CAST(f.VALUE AS TEXT) AS address, o."value" AS tx_value, TO_TIMESTAMP(CAST(o."block_timestamp" AS DOUBLE PRECISION) / 1000000) AS block_ts FROM "
[unsupported] sf_bq335 variant[3]  (LATERAL)
    SQL:       WITH all_txns AS (/* Inputs */ SELECT CAST(f.value AS TEXT) AS address, "block_timestamp", "value" AS tx_value FROM "CRYPTO"."CRYPTO_BITCOIN"."INPUTS", LATERAL UNNEST(input => "addresses") AS f(SEQ, KEY, PATH, INDEX, VAL
[unsupported] sf_bq348 variant[0]  (LATERAL)
    SQL:       WITH amenity_history AS (SELECT h."id", h."username", h."version", ROW_NUMBER() OVER (PARTITION BY h."id" ORDER BY h."version" ASC) AS rn FROM "GEO_OPENSTREETMAP"."GEO_OPENSTREETMAP"."HISTORY_NODES" AS h, LATERAL UNNEST(
[unsupported] sf_bq348 variant[1]  (LATERAL)
    SQL:       WITH amenity_versions AS (SELECT h."id", h."username", h."version", ROW_NUMBER() OVER (PARTITION BY h."id" ORDER BY h."version" ASC) AS rn FROM "GEO_OPENSTREETMAP"."GEO_OPENSTREETMAP"."HISTORY_NODES" AS h, LATERAL UNNEST
[unsupported] sf_bq350 variant[0]  (LATERAL)
    SQL:       SELECT m."id" AS DRUG_ID, CAST(JSON_EXTRACT_PATH(tn.VALUE, 'element') AS TEXT) AS DRUG_TRADE_NAME, m."drugType" AS DRUG_TYPE, m."hasBeenWithdrawn" AS DRUG_WITHDRAWN FROM "OPEN_TARGETS_PLATFORM_1"."PLATFORM"."MOLECULE" AS
[unsupported] sf_bq350 variant[1]  (LATERAL)
    SQL:       SELECT m."id" AS DRUG_ID, CAST(JSON_EXTRACT_PATH(f.value, 'element') AS TEXT) AS DRUG_TRADE_NAME, m."drugType" AS DRUG_TYPE, m."hasBeenWithdrawn" AS DRUG_WITHDRAWN FROM "OPEN_TARGETS_PLATFORM_1"."PLATFORM"."MOLECULE" AS 
[unsupported] sf_bq350 variant[2]  (LATERAL)
    SQL:       SELECT m."id" AS "DRUG_ID", CAST(JSON_EXTRACT_PATH(f.value, 'element') AS TEXT) AS "DRUG_TRADE_NAME", m."drugType" AS "DRUG_TYPE", m."hasBeenWithdrawn" AS "DRUG_WITHDRAWN" FROM "OPEN_TARGETS_PLATFORM_1"."PLATFORM"."MOLEC
[unsupported] sf_bq350 variant[3]  (LATERAL)
    SQL:       SELECT m."id" AS DRUG_ID, CAST(JSON_EXTRACT_PATH(f.value, 'element') AS TEXT) AS DRUG_TRADE_NAME, m."drugType" AS DRUG_TYPE, m."hasBeenWithdrawn" AS DRUG_WITHDRAWN FROM "OPEN_TARGETS_PLATFORM_1"."PLATFORM"."MOLECULE" AS 
[unsupported] sf_bq360 variant[2]  (LATERAL)
    SQL:       WITH unpivoted AS (SELECT "npi", spec.value AS specialization FROM "NPPES"."NPPES"."NPI_OPTIMIZED", LATERAL UNNEST(INPUT => ARRAY["healthcare_provider_taxonomy_1_specialization", "healthcare_provider_taxonomy_2_specializ
[unsupported] sf_bq413 variant[0]  (LATERAL)
    SQL:       SELECT COALESCE(CAST(JSON_EXTRACT_PATH(p."journal", 'title') AS TEXT), CAST(JSON_EXTRACT_PATH(p."proceedings_title", 'preferred') AS TEXT), CAST(JSON_EXTRACT_PATH(p."book_title", 'preferred') AS TEXT), CAST(JSON_EXTRACT_
[unsupported] sf_bq413 variant[1]  (LATERAL)
    SQL:       SELECT COALESCE(CAST(JSON_EXTRACT_PATH(p."journal", 'title') AS TEXT), CAST(JSON_EXTRACT_PATH(p."proceedings_title", 'preferred') AS TEXT), CAST(JSON_EXTRACT_PATH(p."book_title", 'preferred') AS TEXT), CAST(JSON_EXTRACT_
[unsupported] sf_bq413 variant[2]  (LATERAL)
    SQL:       SELECT COALESCE(CAST(JSON_EXTRACT_PATH(p."journal", 'title') AS TEXT), CAST(JSON_EXTRACT_PATH(p."proceedings_title", 'preferred') AS TEXT), CAST(JSON_EXTRACT_PATH(p."book_title", 'preferred') AS TEXT), CAST(JSON_EXTRACT_
[unsupported] sf_bq413 variant[3]  (LATERAL)
    SQL:       SELECT DISTINCT COALESCE(CAST(JSON_EXTRACT_PATH(p."journal", 'title') AS TEXT), CAST(p."proceedings_title" AS TEXT), CAST(p."book_title" AS TEXT), CAST(p."book_series_title" AS TEXT)) AS venue_title FROM "DIMENSIONS_AI_C
[unsupported] sf_bq414 variant[2]  (LATERAL)
    SQL:       SELECT DISTINCT o."object_id" AS "object_id", o."title" AS "title", TO_CHAR(TO_TIMESTAMP(CAST(o."metadata_date" AS DOUBLE PRECISION) / 1000000), 'YYYY-MM-DD') AS "METADATA_DATE" FROM "THE_MET"."THE_MET"."OBJECTS" AS o JO
[unsupported] sf_bq414 variant[3]  (LATERAL)
    SQL:       SELECT o."object_id" AS "object_id", o."title" AS "title", TO_CHAR(TO_TIMESTAMP(CAST(o."metadata_date" AS DOUBLE PRECISION) / 1000000), 'YYYY-MM-DD') AS "metadata_date" FROM "THE_MET"."THE_MET"."OBJECTS" AS o JOIN "THE_M
[unsupported] sf_bq415 variant[0]  (LATERAL)
    SQL:       SELECT CAST(JSON_EXTRACT_PATH(c.value, 'name') AS TEXT) AS CALL_SET_NAME, COUNT(*) AS HOM_RR_COUNT FROM "HUMAN_GENOME_VARIANTS"."HUMAN_GENOME_VARIANTS"."_1000_GENOMES_PHASE_3_VARIANTS_20150220" AS v, LATERAL UNNEST(input
[unsupported] sf_bq415 variant[1]  (LATERAL)
    SQL:       WITH one_alt_positions AS (SELECT v."reference_name", v."start_position", v."call" FROM "HUMAN_GENOME_VARIANTS"."HUMAN_GENOME_VARIANTS"."_1000_GENOMES_PHASE_3_VARIANTS_20150220" AS v WHERE ARRAY_LENGTH(v."alternate_bases
[unsupported] sf_bq415 variant[2]  (LATERAL)
    SQL:       SELECT CAST(JSON_EXTRACT_PATH(c.value, 'name') AS TEXT) AS "CALL_SET_NAME", COUNT(*) AS "HOM_RR_COUNT" FROM "HUMAN_GENOME_VARIANTS"."HUMAN_GENOME_VARIANTS"."_1000_GENOMES_PHASE_3_VARIANTS_20150220" AS t, LATERAL UNNEST(i
[unsupported] sf_bq415 variant[3]  (LATERAL)
    SQL:       SELECT CAST(JSON_EXTRACT_PATH(c.value, 'name') AS TEXT) AS CALL_SET_NAME, COUNT(*) AS HOM_RR_COUNT FROM "HUMAN_GENOME_VARIANTS"."HUMAN_GENOME_VARIANTS"."_1000_GENOMES_PHASE_3_VARIANTS_20150220", LATERAL UNNEST(input => "
[unsupported] sf_bq423 variant[0]  (LATERAL)
    SQL:       SELECT cs."creative_page_url" AS OUTPUT FROM "GOOGLE_ADS"."GOOGLE_ADS_TRANSPARENCY_CENTER"."CREATIVE_STATS" AS cs, LATERAL UNNEST(input => cs."region_stats") AS f(SEQ, KEY, PATH, INDEX, VALUE, THIS) WHERE cs."ad_format_t
[unsupported] sf_bq423 variant[1]  (LATERAL)
    SQL:       SELECT c."creative_page_url" AS "OUTPUT" FROM "GOOGLE_ADS"."GOOGLE_ADS_TRANSPARENCY_CENTER"."CREATIVE_STATS" AS c, LATERAL UNNEST(input => c."region_stats") AS f(SEQ, KEY, PATH, INDEX, VALUE, THIS) WHERE c."ad_format_typ
[unsupported] sf_bq423 variant[2]  (LATERAL)
    SQL:       SELECT cs."creative_page_url" AS "OUTPUT" FROM "GOOGLE_ADS"."GOOGLE_ADS_TRANSPARENCY_CENTER"."CREATIVE_STATS" AS cs, LATERAL UNNEST(input => cs."region_stats") AS r(SEQ, KEY, PATH, INDEX, VALUE, THIS) WHERE CAST(JSON_EXT
[unsupported] sf_bq423 variant[3]  (LATERAL)
    SQL:       SELECT cs."creative_page_url" FROM "GOOGLE_ADS"."GOOGLE_ADS_TRANSPARENCY_CENTER"."CREATIVE_STATS" AS cs, LATERAL UNNEST(input => cs."region_stats") AS r(SEQ, KEY, PATH, INDEX, VALUE, THIS) WHERE cs."ad_format_type" = 'IM
[unsupported] sf_bq442 variant[0]  (LATERAL)
    SQL:       SELECT t."OrderID" AS TRADEID, TO_CHAR(TO_TIMESTAMP(CAST(t."TransactTime" AS DOUBLE PRECISION) / POWER(10, 6)), 'YYYY-MM-DD HH24:MI:SS.US') || ' UTC' AS TRADETIMESTAMP, CASE WHEN LEFT(t."TargetCompID", 4) = 'MOMO' THEN '
[unsupported] sf_bq442 variant[1]  (LATERAL)
    SQL:       SELECT "OrderID" AS TRADEID, TO_CHAR(TO_TIMESTAMP(CAST("TransactTime" AS DECIMAL(38, 0)) / POWER(10, 6)), 'YYYY-MM-DD HH24:MI:SS.US') || ' UTC' AS TRADETIMESTAMP, CASE LEFT("TargetCompID", 4) WHEN 'MOMO' THEN 'Momentum' 
[unsupported] sf_bq442 variant[2]  (LATERAL)
    SQL:       SELECT "OrderID" AS TRADEID, TO_CHAR(TO_TIMESTAMP(CAST("TransactTime" AS DECIMAL(38, 0)) / POWER(10, 6)), 'YYYY-MM-DD HH24:MI:SS.US') || ' UTC' AS TRADETIMESTAMP, CASE LEFT("TargetCompID", 4) WHEN 'MOMO' THEN 'Momentum' 
[unsupported] sf_bq445 variant[0]  (LATERAL)
    SQL:       WITH brca1_region AS (/* Step 1: Find the smallest start and largest end position for BRCA1 variants */ SELECT MIN(t."start_position") AS gene_start, MAX(t."end_position") AS gene_end FROM "GNOMAD"."GNOMAD"."V2_1_1_GENOM
[unsupported] sf_bq445 variant[1]  (LATERAL)
    SQL:       WITH brca1_variants AS (SELECT t."start_position", t."end_position" FROM "GNOMAD"."GNOMAD"."V2_1_1_GENOMES__CHR17" AS t, LATERAL UNNEST(input => t."alternate_bases") AS ab(SEQ, KEY, PATH, INDEX, VALUE, THIS), LATERAL UNN
[unsupported] sf_bq445 variant[2]  (LATERAL)
    SQL:       WITH brca1_region AS (SELECT MIN("start_position") AS gene_start, MAX("end_position") AS gene_end FROM "GNOMAD"."GNOMAD"."V2_1_1_GENOMES__CHR17", LATERAL UNNEST(input => "alternate_bases") AS ab(SEQ, KEY, PATH, INDEX, VA
[unsupported] sf_bq445 variant[3]  (LATERAL)
    SQL:       WITH brca1_region AS (SELECT MIN(t."start_position") AS gene_start, MAX(t."end_position") AS gene_end FROM "GNOMAD"."GNOMAD"."V2_1_1_GENOMES__CHR17" AS t, LATERAL UNNEST(input => t."alternate_bases") AS f(SEQ, KEY, PATH,
[unsupported] sf_bq451 variant[0]  (LATERAL)
    SQL:       WITH genotype_calls AS (SELECT CAST(c.value['call_set_name'] AS TEXT) AS call_set_name, CAST(c.value['genotype'][1] AS INT) AS allele0, CAST(c.value['genotype'][2] AS INT) AS allele1 FROM "_1000_GENOMES"."_1000_GENOMES".
[unsupported] sf_bq451 variant[1]  (LATERAL)
    SQL:       SELECT CAST(JSON_EXTRACT_PATH(c.value, 'call_set_name') AS TEXT) AS CALL_SET_NAME, COUNT(*) AS TOTAL_CALLABLE_SITES, SUM(CASE WHEN CAST(JSON_EXTRACT_PATH(c.value, 'genotype', '0') AS INT) = 0 AND CAST(JSON_EXTRACT_PATH(c
[unsupported] sf_bq451 variant[2]  (LATERAL)
    SQL:       WITH genotype_calls AS (SELECT CAST(JSON_EXTRACT_PATH(c.value, 'call_set_name') AS VARCHAR) AS call_set_name, CAST(JSON_EXTRACT_PATH(c.value, 'genotype', '0') AS INT) AS allele0, CAST(JSON_EXTRACT_PATH(c.value, 'genotype
[unsupported] sf_bq451 variant[3]  (LATERAL)
    SQL:       WITH variant_calls AS (SELECT CAST(JSON_EXTRACT_PATH(f.value, 'call_set_name') AS TEXT) AS call_set_name, CAST(JSON_EXTRACT_PATH(f.value, 'genotype', '0') AS INT) AS allele0, CAST(JSON_EXTRACT_PATH(f.value, 'genotype', '
[unsupported] sf_bq452 variant[0]  (LATERAL)
    SQL:       WITH allele_counts AS (SELECT v."start" AS start_pos, v."end" AS end_pos, SUM(CASE WHEN s."Super_Population" = 'EAS' THEN 2 - (CAST(JSON_EXTRACT_PATH(c.value, 'genotype', '0') AS INT) + CAST(JSON_EXTRACT_PATH(c.value, 'g
[unsupported] sf_bq452 variant[1]  (LATERAL)
    SQL:       WITH allele_counts AS (SELECT v."start" AS start_pos, v."end" AS end_pos, SUM(CASE WHEN si."Super_Population" = 'EAS' THEN CAST(JSON_EXTRACT_PATH(c.value, 'genotype', '0') AS INT) + CAST(JSON_EXTRACT_PATH(c.value, 'genot
[unsupported] sf_bq452 variant[2]  (LATERAL)
    SQL:       WITH allele_counts AS (SELECT v."start" AS start_pos, v."end" AS end_pos, SUM(CASE WHEN si."Super_Population" = 'EAS' THEN (CASE WHEN CAST(JSON_EXTRACT_PATH(f.value, 'genotype', '0') AS INT) = 0 THEN 1 ELSE 0 END) + (CAS
[unsupported] sf_bq452 variant[3]  (LATERAL)
    SQL:       WITH flattened AS (SELECT v."start", v."end", CAST(JSON_EXTRACT_PATH(c.value, 'call_set_name') AS TEXT) AS sample_name, CAST(g.value AS INT) AS genotype_val FROM "_1000_GENOMES"."_1000_GENOMES"."VARIANTS" AS v, LATERAL U
[unsupported] sf_bq453 variant[0]  (LATERAL)
    SQL:       WITH genotype_counts AS (SELECT v."reference_name", v."start", v."end", v."reference_bases", v."alternate_bases" AS DISTINCT_ALTERNATE_BASES, v."VT" AS VARIANT_TYPE, v."AF" AS KG_OVERALL_ALT_ALLELE_FREQ, v."AFR_AF", v."E
[unsupported] sf_bq453 variant[1]  (LATERAL)
    SQL:       WITH genotype_counts AS (SELECT v."reference_name", v."start", v."end", v."reference_bases", v."alternate_bases" AS DISTINCT_ALTERNATE_BASES, v."VT" AS VARIANT_TYPE, v."AF" AS KG_OVERALL_ALT_ALLELE_FREQ, v."AFR_AF", v."E
[unsupported] sf_bq453 variant[2]  (LATERAL)
    SQL:       WITH genotype_counts AS (SELECT v."reference_name", v."start", v."end", v."reference_bases", v."alternate_bases", v."VT", v."AF", v."AFR_AF", v."EUR_AF", v."AMR_AF", v."ASN_AF", SUM(CASE WHEN CAST(JSON_EXTRACT_PATH(c.VAL
[unsupported] sf_bq453 variant[3]  (LATERAL)
    SQL:       WITH genotype_counts AS (SELECT v."reference_name", v."start", v."end", v."reference_bases", v."alternate_bases" AS DISTINCT_ALTERNATE_BASES, v."VT" AS VARIANT_TYPE, v."AF" AS KG_OVERALL_ALT_ALLELE_FREQ, v."AFR_AF" AS AF
[unsupported] sf_bq454 variant[0]  (LATERAL)
    SQL:       WITH pop_sizes AS (/* Total population size per super population from PEDIGREE */ SELECT s."Super_Population", s."Super_Population_Description", COUNT(*) AS TOTAL_POPULATION_SIZE FROM "_1000_GENOMES"."_1000_GENOMES"."PED
[unsupported] sf_bq454 variant[1]  (LATERAL)
    SQL:       /* Step 1: Get population sizes from SAMPLE_INFO */ WITH pop_sizes AS (SELECT "Super_Population", "Super_Population_Description", COUNT(*) AS "TOTAL_POPULATION_SIZE" FROM "_1000_GENOMES"."_1000_GENOMES"."SAMPLE_INFO" GRO
[unsupported] sf_bq454 variant[2]  (LATERAL)
    SQL:       WITH variant_sample AS (SELECT v."reference_name", v."start", v."reference_bases", v."AF", CAST(JSON_EXTRACT_PATH(c.value, 'call_set_name') AS TEXT) AS sample_name FROM "_1000_GENOMES"."_1000_GENOMES"."VARIANTS" AS v, LA
[unsupported] sf_bq460 variant[0]  (LATERAL)
    SQL:       WITH stopwords AS (SELECT word FROM (VALUES ('a'), ('about'), ('above'), ('after'), ('again'), ('against'), ('ain'), ('all'), ('am'), ('an'), ('and'), ('any'), ('are'), ('aren'), ('arent'), ('as'), ('at'), ('be'), ('beca
[unsupported] sf_bq460 variant[1]  (LATERAL)
    SQL:       WITH article_words AS (SELECT n."id" AS article_id, CAST(f.value AS TEXT) AS word, COUNT(*) AS cnt FROM "WORD_VECTORS_US"."WORD_VECTORS_US"."NATURE" AS n, LATERAL UNNEST(INPUT => SPLIT(REGEXP_REPLACE(LOWER(n."body"), '[^
[unsupported] sf_bq460 variant[2]  (LATERAL)
    SQL:       WITH stopwords AS (SELECT LOWER(value) AS word FROM TABLE(UNNEST(INPUT => ARRAY['a', 'about', 'above', 'after', 'again', 'against', 'ain', 'all', 'am', 'an', 'and', 'any', 'are', 'aren', 'arent', 'as', 'at', 'be', 'becau
[unsupported] sf_ga003 variant[0]  (LATERAL)
    SQL:       SELECT board_type AS BOARD, ROUND(CAST(AVG(score) AS DECIMAL), 6) AS AVERAGE_SCORE FROM (SELECT MAX(CASE WHEN CAST(JSON_EXTRACT_PATH(f.value, 'key') AS TEXT) = 'board' THEN CAST(JSON_EXTRACT_PATH(f.value, 'value', 'strin
[unsupported] sf_ga003 variant[1]  (LATERAL)
    SQL:       SELECT CAST(JSON_EXTRACT_PATH(f_board.value, 'value', 'string_value') AS TEXT) AS BOARD, ROUND(CAST(AVG(CAST(JSON_EXTRACT_PATH(f_val.value, 'value', 'int_value') AS DECIMAL(38, 0))) AS DECIMAL), 6) AS AVERAGE_SCORE FROM 
[unsupported] sf_ga003 variant[2]  (LATERAL)
    SQL:       SELECT CAST(JSON_EXTRACT_PATH(bp.value, 'value', 'string_value') AS TEXT) AS "BOARD", AVG(CAST(JSON_EXTRACT_PATH(sp.value, 'value', 'int_value') AS INT)) AS "AVERAGE_SCORE" FROM "FIREBASE"."ANALYTICS_153293282"."EVENTS_2
[unsupported] sf_ga003 variant[3]  (LATERAL)
    SQL:       SELECT CAST(JSON_EXTRACT_PATH(f1.value, 'value', 'string_value') AS VARCHAR) AS board_type, AVG(CAST(JSON_EXTRACT_PATH(f2.value, 'value', 'int_value') AS INT)) AS average_score FROM "FIREBASE"."ANALYTICS_153293282"."EVEN
[unsupported] sf_ga006 variant[0]  (LATERAL)
    SQL:       WITH purchases AS (SELECT "USER_PSEUDO_ID", CAST(JSON_EXTRACT_PATH(ep.value, 'value', 'int_value') AS INT) AS ga_session_id, CAST(JSON_EXTRACT_PATH("ECOMMERCE", 'purchase_revenue_in_usd') AS DOUBLE PRECISION) AS purchase
[unsupported] sf_ga006 variant[1]  (LATERAL)
    SQL:       WITH all_purchases AS (SELECT USER_PSEUDO_ID, EVENT_NAME, EVENT_PARAMS, ECOMMERCE FROM "GA4"."GA4_OBFUSCATED_SAMPLE_ECOMMERCE"."EVENTS_20201101" WHERE EVENT_NAME = 'purchase' AND NOT JSON_EXTRACT_PATH(ECOMMERCE, 'purchas
[unsupported] sf_ga006 variant[2]  (LATERAL)
    SQL:       WITH all_purchases AS (SELECT USER_PSEUDO_ID, EVENT_NAME, ECOMMERCE, EVENT_PARAMS FROM "GA4"."GA4_OBFUSCATED_SAMPLE_ECOMMERCE"."EVENTS_20201101" WHERE EVENT_NAME = 'purchase' AND NOT JSON_EXTRACT_PATH(ECOMMERCE, 'purchas
[unsupported] sf_ga006 variant[3]  (LATERAL)
    SQL:       WITH all_purchases AS (SELECT USER_PSEUDO_ID, ECOMMERCE, EVENT_PARAMS FROM "GA4"."GA4_OBFUSCATED_SAMPLE_ECOMMERCE"."EVENTS_20201101" WHERE EVENT_NAME = 'purchase' AND NOT JSON_EXTRACT_PATH(ECOMMERCE, 'purchase_revenue_in
[unsupported] sf_ga007 variant[0]  (LATERAL)
    SQL:       WITH page_views AS (SELECT CAST(JSON_EXTRACT_PATH(f.value, 'value', 'string_value') AS TEXT) AS page_location, ARRAY_LENGTH(SPLIT(CAST(JSON_EXTRACT_PATH(f.value, 'value', 'string_value') AS TEXT), '/'), 1) AS num_segment
[unsupported] sf_ga007 variant[1]  (LATERAL)
    SQL:       SELECT CAST(SUM(CASE WHEN ARRAY_LENGTH(SPLIT(page_loc, '/'), 1) >= 5 AND POSITION('+' IN SPLIT_PART(page_loc, '/', -1)) > 0 AND (REPLACE(LOWER(SPLIT_PART(page_loc, '/', 4)), '+', ' ') IN ('accessories', 'apparel', 'brand
[unsupported] sf_ga007 variant[2]  (LATERAL)
    SQL:       WITH page_views AS (SELECT CAST(JSON_EXTRACT_PATH(f.value, 'value', 'string_value') AS TEXT) AS page_location FROM "GA4"."GA4_OBFUSCATED_SAMPLE_ECOMMERCE"."EVENTS_20210102" AS e, LATERAL UNNEST(input => e.EVENT_PARAMS) A
[unsupported] sf_ga007 variant[3]  (LATERAL)
    SQL:       WITH page_views AS (SELECT CAST(JSON_EXTRACT_PATH(f.value, 'value', 'string_value') AS TEXT) AS page_location FROM "GA4"."GA4_OBFUSCATED_SAMPLE_ECOMMERCE"."EVENTS_20210102", LATERAL UNNEST(input => EVENT_PARAMS) AS f(SEQ
[unsupported] sf_ga009 variant[0]  (LATERAL)
    SQL:       WITH all_events AS (SELECT "USER_PSEUDO_ID", "EVENT_PARAMS" FROM "GA4"."GA4_OBFUSCATED_SAMPLE_ECOMMERCE"."EVENTS_20201201" UNION ALL SELECT "USER_PSEUDO_ID", "EVENT_PARAMS" FROM "GA4"."GA4_OBFUSCATED_SAMPLE_ECOMMERCE"."E
[unsupported] sf_ga009 variant[1]  (LATERAL)
    SQL:       WITH all_events AS (SELECT USER_PSEUDO_ID, EVENT_PARAMS FROM "GA4"."GA4_OBFUSCATED_SAMPLE_ECOMMERCE"."EVENTS_20201201" UNION ALL SELECT USER_PSEUDO_ID, EVENT_PARAMS FROM "GA4"."GA4_OBFUSCATED_SAMPLE_ECOMMERCE"."EVENTS_20
[unsupported] sf_ga009 variant[2]  (LATERAL)
    SQL:       WITH all_events AS (SELECT "USER_PSEUDO_ID", "EVENT_PARAMS", "EVENT_TIMESTAMP", "EVENT_NAME" FROM "GA4"."GA4_OBFUSCATED_SAMPLE_ECOMMERCE"."EVENTS_20201201" UNION ALL SELECT "USER_PSEUDO_ID", "EVENT_PARAMS", "EVENT_TIMEST
[unsupported] sf_ga011 variant[0]  (LATERAL)
    SQL:       WITH all_events AS (SELECT EVENT_NAME, EVENT_PARAMS FROM "GA4"."GA4_OBFUSCATED_SAMPLE_ECOMMERCE"."EVENTS_20201201" WHERE EVENT_NAME = 'page_view' UNION ALL SELECT EVENT_NAME, EVENT_PARAMS FROM "GA4"."GA4_OBFUSCATED_SAMPL
[unsupported] sf_ga011 variant[1]  (LATERAL)
    SQL:       WITH all_page_views AS (SELECT CAST(JSON_EXTRACT_PATH(f.VALUE, 'value', 'string_value') AS TEXT) AS page_location FROM "GA4"."GA4_OBFUSCATED_SAMPLE_ECOMMERCE"."EVENTS_20201201" AS e, LATERAL UNNEST(INPUT => e.EVENT_PARAM
[unsupported] sf_ga011 variant[2]  (LATERAL)
    SQL:       WITH all_events AS (SELECT EVENT_NAME, EVENT_PARAMS FROM "GA4"."GA4_OBFUSCATED_SAMPLE_ECOMMERCE"."EVENTS_20201201" WHERE EVENT_NAME = 'page_view' UNION ALL SELECT EVENT_NAME, EVENT_PARAMS FROM "GA4"."GA4_OBFUSCATED_SAMPL
[unsupported] sf_ga011 variant[3]  (LATERAL)
    SQL:       WITH all_events AS (SELECT EVENT_NAME, EVENT_PARAMS FROM "GA4"."GA4_OBFUSCATED_SAMPLE_ECOMMERCE"."EVENTS_20201201" UNION ALL SELECT EVENT_NAME, EVENT_PARAMS FROM "GA4"."GA4_OBFUSCATED_SAMPLE_ECOMMERCE"."EVENTS_20201202" 
[unsupported] sf_ga012 variant[0]  (LATERAL)
    SQL:       WITH purchase_items AS (/* Flatten items from purchase events on November 30, 2020 */ SELECT CAST(JSON_EXTRACT_PATH(e.ECOMMERCE, 'transaction_id') AS TEXT) AS TRANSACTION_ID, CAST(JSON_EXTRACT_PATH(e.ECOMMERCE, 'total_it
[unsupported] sf_ga012 variant[1]  (LATERAL)
    SQL:       /* Find the item_category with the highest tax rate (SUM(tax_value_in_usd)/SUM(purchase_revenue_in_usd)) */ /* Then retrieve transaction details for purchase events associated with that category */ WITH category_tax_rate
[unsupported] sf_ga012 variant[2]  (LATERAL)
    SQL:       SELECT CAST(JSON_EXTRACT_PATH(ECOMMERCE, 'transaction_id') AS TEXT) AS TRANSACTION_ID, CAST(JSON_EXTRACT_PATH(ECOMMERCE, 'total_item_quantity') AS DECIMAL(38, 0)) AS TOTAL_ITEM_QUANTITY, CAST(JSON_EXTRACT_PATH(ECOMMERCE,
[unsupported] sf_ga012 variant[3]  (LATERAL)
    SQL:       WITH tax_rates AS (SELECT CAST(JSON_EXTRACT_PATH(i.VALUE, 'item_category') AS TEXT) AS item_category, CAST(SUM(CAST(JSON_EXTRACT_PATH(ECOMMERCE, 'tax_value_in_usd') AS DOUBLE PRECISION)) AS DOUBLE PRECISION) / NULLIF(SUM
[unsupported] sf_ga013 variant[0]  (LATERAL)
    SQL:       WITH page_events AS (SELECT e.EVENT_DATE AS DATE, e.EVENT_TIMESTAMP AS EVENT_TIMESTAMP_MICROSECONDS, e.USER_PSEUDO_ID, e.EVENT_PARAMS, e.EVENT_NAME FROM "GA4"."GA4_OBFUSCATED_SAMPLE_ECOMMERCE"."EVENTS_20210102" AS e WHER
[unsupported] sf_ga013 variant[1]  (LATERAL)
    SQL:       WITH page_view_data AS (SELECT e."EVENT_DATE" AS "DATE", e."EVENT_TIMESTAMP" AS "EVENT_TIMESTAMP_MICROSECONDS", e."USER_PSEUDO_ID", MAX(CASE WHEN CAST(JSON_EXTRACT_PATH(ep.value, 'key') AS TEXT) = 'ga_session_id' THEN CA
[unsupported] sf_ga013 variant[2]  (LATERAL)
    SQL:       WITH base AS (SELECT e.EVENT_DATE, e.EVENT_TIMESTAMP, e.USER_PSEUDO_ID, CAST(JSON_EXTRACT_PATH(ep_ga.value, 'value', 'int_value') AS TEXT) AS ga_session_id, CAST(JSON_EXTRACT_PATH(ep_gn.value, 'value', 'int_value') AS TE
[unsupported] sf_ga013 variant[3]  (LATERAL)
    SQL:       WITH categories AS (SELECT LOWER(cat) AS category FROM (SELECT 'Accessories' AS cat UNION ALL SELECT 'Apparel' UNION ALL SELECT 'Brands' UNION ALL SELECT 'Campus Collection' UNION ALL SELECT 'Drinkware' UNION ALL SELECT 
[unsupported] sf_ga017 variant[0]  (LATERAL)
    SQL:       WITH all_page_views AS (SELECT USER_PSEUDO_ID, CAST(JSON_EXTRACT_PATH(ep.value, 'value', 'string_value') AS TEXT) AS page_location FROM "GA4"."GA4_OBFUSCATED_SAMPLE_ECOMMERCE"."EVENTS_20210101", LATERAL UNNEST(input => E
[unsupported] sf_ga017 variant[1]  (LATERAL)
    SQL:       WITH all_events AS (SELECT EVENT_NAME, EVENT_PARAMS, USER_PSEUDO_ID FROM "GA4"."GA4_OBFUSCATED_SAMPLE_ECOMMERCE"."EVENTS_20210101" UNION ALL SELECT EVENT_NAME, EVENT_PARAMS, USER_PSEUDO_ID FROM "GA4"."GA4_OBFUSCATED_SAMP
[unsupported] sf_ga017 variant[2]  (LATERAL)
    SQL:       WITH all_page_views AS (SELECT CAST(JSON_EXTRACT_PATH(f.value, 'value', 'string_value') AS TEXT) AS page_location, e."USER_PSEUDO_ID" FROM "GA4"."GA4_OBFUSCATED_SAMPLE_ECOMMERCE"."EVENTS_20210101" AS e, LATERAL UNNEST(in
[unsupported] sf_ga017 variant[3]  (LATERAL)
    SQL:       WITH all_page_views AS (SELECT CAST(JSON_EXTRACT_PATH(ep.value, 'value', 'string_value') AS TEXT) AS page_location, "USER_PSEUDO_ID" FROM "GA4"."GA4_OBFUSCATED_SAMPLE_ECOMMERCE"."EVENTS_20210101", LATERAL UNNEST(input =>
[unsupported] sf_ga031 variant[0]  (LATERAL)
    SQL:       WITH event_data AS (SELECT e."USER_PSEUDO_ID", e."EVENT_TIMESTAMP", MAX(CASE WHEN CAST(JSON_EXTRACT_PATH(f.value, 'key') AS TEXT) = 'ga_session_id' THEN CAST(JSON_EXTRACT_PATH(f.value, 'value', 'int_value') AS TEXT) END)
[unsupported] sf_ga031 variant[1]  (LATERAL)
    SQL:       WITH page_views AS (SELECT e.USER_PSEUDO_ID, MAX(CASE WHEN CAST(JSON_EXTRACT_PATH(ep.VALUE, 'key') AS TEXT) = 'ga_session_id' THEN CAST(JSON_EXTRACT_PATH(ep.VALUE, 'value', 'int_value') AS TEXT) END) AS ga_session_id, MA
[unsupported] sf_ga031 variant[2]  (LATERAL)
    SQL:       WITH page_views AS (SELECT e.USER_PSEUDO_ID, e.EVENT_TIMESTAMP, MAX(CASE WHEN CAST(JSON_EXTRACT_PATH(ep.value, 'key') AS TEXT) = 'ga_session_id' THEN CAST(JSON_EXTRACT_PATH(ep.value, 'value', 'int_value') AS INT) END) AS
[unsupported] sf_ga032 variant[0]  (LATERAL)
    SQL:       WITH page_events AS (SELECT e."EVENT_TIMESTAMP", MAX(CASE WHEN CAST(JSON_EXTRACT_PATH(f.value, 'key') AS TEXT) = 'page_title' THEN CAST(JSON_EXTRACT_PATH(f.value, 'value', 'string_value') AS TEXT) END) AS page_title, MAX
[unsupported] sf_ga032 variant[1]  (LATERAL)
    SQL:       WITH page_views AS (SELECT e.EVENT_TIMESTAMP, CAST(JSON_EXTRACT_PATH(ep_loc.value, 'value', 'string_value') AS TEXT) AS page_location, CAST(JSON_EXTRACT_PATH(ep_title.value, 'value', 'string_value') AS TEXT) AS page_titl
[unsupported] sf_ga032 variant[2]  (LATERAL)
    SQL:       WITH page_views AS (SELECT e.EVENT_TIMESTAMP, MAX(CASE WHEN CAST(JSON_EXTRACT_PATH(f.value, 'key') AS TEXT) = 'page_title' THEN CAST(JSON_EXTRACT_PATH(f.value, 'value', 'string_value') AS TEXT) END) AS page_title, MAX(CA
[unsupported] sf_ga032 variant[3]  (LATERAL)
    SQL:       WITH page_views AS (SELECT EVENT_TIMESTAMP, MAX(CASE WHEN CAST(JSON_EXTRACT_PATH(ep.value, 'key') AS TEXT) = 'page_title' THEN CAST(JSON_EXTRACT_PATH(ep.value, 'value', 'string_value') AS TEXT) END) AS page_title FROM "G
[unsupported] sf_local066 variant[0]  (LATERAL)
    SQL:       WITH delivered_orders AS (/* Get only delivered (non-cancelled) orders */ SELECT co."order_id", co."customer_id", co."pizza_id", co."exclusions", co."extras", co."order_time" FROM "MODERN_DATA"."MODERN_DATA"."PIZZA_CLEAN
[unsupported] sf_local066 variant[1]  (LATERAL)
    SQL:       /* For delivered pizzas, summarize total quantity of each ingredient used */ /* Using exclusions/extras columns from PIZZA_CLEAN_CUSTOMER_ORDERS directly */ WITH delivered_orders AS (SELECT "order_id" FROM "MODERN_DATA".
[unsupported] sf_local066 variant[2]  (LATERAL)
    SQL:       /* Total quantity of each ingredient used in delivered pizzas */ /* Base recipe toppings + extras - exclusions for non-cancelled orders */ WITH delivered_orders AS (/* Get only delivered orders (not cancelled) */ SELECT 
[unsupported] sf_local066 variant[3]  (LATERAL)
    SQL:       /* For each ingredient, count total times used on delivered pizzas */ /* considering base recipe toppings, extras added, and exclusions removed */ WITH delivered_orders AS (SELECT "order_id" FROM "MODERN_DATA"."MODERN_DA
[unsupported] sf_local073 variant[0]  (LATERAL)
    SQL:       WITH numbered_orders AS (SELECT ROW_NUMBER() OVER (ORDER BY "order_id", "order_time") AS row_id, "order_id", "customer_id", "pizza_id", "exclusions", "extras", "order_time" FROM "MODERN_DATA"."MODERN_DATA"."PIZZA_CLEAN_C
[unsupported] sf_local073 variant[1]  (LATERAL)
    SQL:       WITH customer_orders AS (SELECT ROW_NUMBER() OVER (ORDER BY "order_id", "customer_id", "pizza_id", "exclusions", "extras") AS row_id, "order_id", "customer_id", "pizza_id", "exclusions", "extras", "order_time" FROM "MODE
[unsupported] sf_local073 variant[2]  (LATERAL)
    SQL:       WITH numbered_orders AS (SELECT ROW_NUMBER() OVER (ORDER BY "order_id", "pizza_id", "exclusions", "extras") AS row_id, "order_id", "customer_id", "pizza_id", "exclusions", "extras", "order_time" FROM "MODERN_DATA"."MODER
[unsupported] sf_local073 variant[3]  (LATERAL)
    SQL:       WITH numbered_orders AS (SELECT ROW_NUMBER() OVER (ORDER BY "order_id", "customer_id", "pizza_id") AS row_id, ROW_NUMBER() OVER (PARTITION BY "order_id" ORDER BY "customer_id", "pizza_id") AS order_row_id, "order_id", "c
[unsupported] sf_local201 variant[3]  (LATERAL)
    SQL:       WITH sorted_words AS (SELECT w."words", LENGTH(w."words") AS word_len, STRING_AGG(CAST(c.value AS TEXT), '' ORDER BY CAST(c.value AS TEXT)) AS sorted_word FROM "MODERN_DATA"."MODERN_DATA"."WORD_LIST" AS w, LATERAL UNNEST
[unsupported] sf_local220 variant[0]  (LATERAL)
    SQL:       WITH player_matches AS (/* Home players in home wins */ SELECT CAST(f.value AS INT) AS player_api_id, 'win' AS result FROM "EU_SOCCER"."EU_SOCCER"."MATCH" AS m, LATERAL UNNEST(ARRAY[m."home_player_1", m."home_player_2", 
[unsupported] sf_local220 variant[1]  (LATERAL)
    SQL:       WITH player_match AS (/* Home players: result determined by home perspective */ SELECT m."id" AS match_id, CAST(p.VALUE AS DECIMAL(38, 0)) AS player_api_id, CASE WHEN m."home_team_goal" > m."away_team_goal" THEN 'win' WH

### [3x]  unsupported: WITH RECURSIVE

[unsupported] sf_local270 variant[0]  (WITH RECURSIVE)
    SQL:       WITH RECURSIVE hierarchy AS (/* Anchor: start from top-level containers (not contained by anything) */ SELECT p."id" AS root_id, p."name" AS root_name, pr."contains_id" AS current_id, pr."qty" AS total_qty FROM "ORACLE_S
[unsupported] sf_local270 variant[2]  (WITH RECURSIVE)
    SQL:       WITH RECURSIVE items /* Identify items (leaves): packaging ids that never appear as packaging_id in relations */ AS (SELECT "id" AS item_id FROM "ORACLE_SQL"."ORACLE_SQL"."PACKAGING" AS p WHERE NOT EXISTS(SELECT 1 FROM "
[unsupported] sf_local270 variant[3]  (WITH RECURSIVE)
    SQL:       WITH RECURSIVE hierarchy AS (/* Base case: top-level containers directly contain something */ /* Top-level = packaging_id that never appears as contains_id */ SELECT pr."packaging_id" AS top_level_id, pr."contains_id" AS
